2026-05-11 16:36:37, MOVE, v:1, k:fup@batraquios, mode:PICK
2026-05-11 16:36:38, EXEC, v:1, k:fup@batraquios, mode:FULL, size:30, fail:COMP
2026-05-11 16:36:58, MOVE, v:1, k:fup@batraquios, mode:BACK
2026-05-11 16:37:12, MOVE, v:1, k:fup@concentra, mode:PICK
2026-05-11 16:37:28, EXEC, v:1, k:fup@concentra, mode:FULL, rate:100
2026-05-11 16:38:29, MOVE, v:1, k:fup@concentra, mode:BACK
2026-05-11 16:37:28, MOVE, v:1, k:fup@concentra, mode:EDIT
2026-05-11 16:43:46, MOVE, v:1, k:fup@batraquios, mode:EDIT
2026-05-11 16:44:54, MOVE, v:1, k:fup@batraquios, mode:PICK
2026-05-11 16:44:55, EXEC, v:1, k:fup@batraquios, mode:FULL, size:30, fail:COMP
2026-05-11 16:48:42, MOVE, v:1, k:fup@batraquios, mode:EDIT
2026-05-11 16:49:48, EXEC, v:1, k:fup@batraquios, mode:FULL, rate:0, size:36
2026-05-11 16:50:21, EXEC, v:1, k:fup@batraquios, mode:FULL, rate:42, size:36
2026-05-11 16:51:53, EXEC, v:1, k:fup@batraquios, mode:FULL, rate:42, size:32
2026-05-11 16:52:10, EXEC, v:1, k:fup@batraquios, mode:FULL, rate:42, size:31
2026-05-11 16:52:10, MOVE, v:1, k:fup@batraquios, mode:EDIT
2026-05-11 16:52:10, MOVE, v:1, k:fup@batraquios, mode:EDIT
2026-05-11 16:58:59, EXEC, v:1, k:fup@batraquios, mode:FULL, rate:42, size:32
2026-05-11 16:58:58, MOVE, v:1, k:fup@batraquios, mode:EDIT
2026-05-11 16:58:59, MOVE, v:1, k:fup@batraquios, mode:EDIT
2026-05-11 16:59:13, EXEC, v:1, k:fup@batraquios, mode:FULL, rate:42, size:32
2026-05-11 16:59:24, EXEC, v:1, k:fup@batraquios, mode:FULL, rate:42, size:32
2026-05-11 16:59:24, EXEC, v:1, k:fup@batraquios, mode:FULL, rate:42
2026-05-11 16:59:32, EXEC, v:1, k:fup@batraquios, mode:FULL, rate:42, size:34
2026-05-11 17:00:30, MOVE, v:1, k:fup@batraquios, mode:PICK
2026-05-11 17:00:32, EXEC, v:1, k:fup@batraquios, mode:FULL, rate:42, size:34
2026-05-11 17:03:33, EXEC, v:1, k:fup@batraquios, mode:FULL, size:39, fail:COMP
2026-05-11 17:04:08, EXEC, v:1, k:fup@batraquios, mode:FULL, rate:42, size:40
2026-05-11 17:04:08, MOVE, v:1, k:fup@batraquios, mode:EDIT
2026-05-11 17:05:27, MOVE, v:1, k:fup@batraquios, mode:EDIT
2026-05-11 17:09:19, EXEC, v:1, k:fup@batraquios, mode:FULL, rate:57, size:52
2026-05-11 17:10:00, EXEC, v:1, k:fup@batraquios, mode:FULL, rate:57, size:52
2026-05-11 17:09:59, MOVE, v:1, k:fup@batraquios, mode:EDIT
2026-05-11 17:10:00, MOVE, v:1, k:fup@batraquios, mode:EDIT
2026-05-11 17:11:30, EXEC, v:1, k:fup@batraquios, mode:FULL, rate:57, size:52
2026-05-11 17:11:36, EXEC, v:1, k:fup@batraquios, mode:FULL, rate:57, size:52
2026-05-11 17:13:10, EXEC, v:1, k:fup@batraquios, mode:FULL, rate:57, size:52
2026-05-11 17:13:10, MOVE, v:1, k:fup@batraquios, mode:EDIT
2026-05-11 17:13:10, MOVE, v:1, k:fup@batraquios, mode:EDIT
2026-05-11 17:16:08, MOVE, v:1, k:fup@batraquios, mode:BACK
2026-05-11 17:16:11, MOVE, v:1, k:fup@baruel, mode:DOWN
2026-05-11 17:16:16, MOVE, v:1, k:fup@baruel, mode:PICK
2026-05-11 17:16:21, EXEC, v:1, k:fup@baruel, mode:FULL, rate:0, size:5
2026-05-11 17:19:12, MOVE, v:1, k:fup@baruel, mode:BACK
2026-05-11 17:16:11, MOVE, v:1, k:fup@baruel, mode:EDIT
2026-05-11 17:16:11, MOVE, v:1, k:fup@baruel, mode:EDIT
2026-05-11 17:16:11, MOVE, v:1, k:fup@baruel, mode:EDIT
2026-05-11 17:16:21, MOVE, v:1, k:fup@baruel, mode:EDIT
2026-05-11 17:21:30, MOVE, v:1, k:sandbox@user_003, mode:PICK
2026-05-11 17:25:15, MOVE, v:1, k:fup@baruel, mode:EDIT
2026-05-11 17:30:10, MOVE, v:1, k:sandbox@user_003, mode:BACK
2026-05-11 17:30:03, MOVE, v:1, k:fup@baruel, mode:EDIT
2026-05-11 17:30:35, MOVE, v:1, k:fup@dindin, mode:PICK
2026-05-11 17:31:22, MOVE, v:1, k:fup@dindin, mode:BACK
2026-05-11 17:31:32, MOVE, v:1, k:fup@baruel, mode:PICK
2026-05-11 17:31:34, EXEC, v:1, k:fup@baruel, mode:FULL, size:20, fail:COMP
2026-05-11 17:35:27, MOVE, v:1, k:fup@baruel, mode:EDIT
2026-05-11 17:39:17, EXEC, v:1, k:fup@baruel, mode:FULL, rate:0, size:30
2026-05-11 17:40:16, MOVE, v:1, k:fup@baruel, mode:EDIT
2026-05-11 17:39:17, MOVE, v:1, k:fup@baruel, mode:EDIT
2026-05-11 17:45:24, MOVE, v:1, k:fup@baruel, mode:EDIT
2026-05-11 17:47:25, EXEC, v:1, k:fup@baruel, mode:FULL, rate:0, size:45
2026-05-11 17:47:30, MOVE, v:1, k:fup@baruel, mode:BACK
2026-05-11 17:47:33, MOVE, v:1, k:fup@batraquios, mode:PICK
2026-05-11 17:47:35, EXEC, v:1, k:fup@batraquios, mode:FULL, rate:57
2026-05-11 17:47:23, MOVE, v:1, k:fup@baruel, mode:EDIT
2026-05-11 17:47:25, MOVE, v:1, k:fup@baruel, mode:EDIT
2026-05-11 17:47:34, MOVE, v:1, k:fup@batraquios, mode:EDIT
2026-05-11 17:51:46, EXEC, v:1, k:fup@batraquios, mode:FULL, rate:57, size:52
2026-05-11 17:52:18, EXEC, v:1, k:fup@batraquios, mode:FULL, rate:57, size:52
2026-05-11 17:52:37, EXEC, v:1, k:fup@batraquios, mode:FULL, rate:57, size:52
2026-05-11 17:53:21, MOVE, v:1, k:fup@batraquios, mode:BACK
2026-05-11 17:53:25, MOVE, v:1, k:fup@baruel, mode:PICK
2026-05-11 17:53:26, EXEC, v:1, k:fup@baruel, mode:FULL, rate:0
2026-05-11 17:53:27, EXEC, v:1, k:fup@baruel, mode:FULL, rate:0
2026-05-11 17:54:05, EXEC, v:1, k:fup@baruel, mode:FULL, rate:0, size:45
2026-05-11 17:52:36, MOVE, v:1, k:fup@batraquios, mode:EDIT
2026-05-11 17:52:37, MOVE, v:1, k:fup@batraquios, mode:EDIT
2026-05-11 17:54:05, MOVE, v:1, k:fup@baruel, mode:EDIT
2026-05-11 17:54:03, MOVE, v:1, k:fup@baruel, mode:EDIT
2026-05-11 17:58:08, EXEC, v:1, k:fup@baruel, mode:FULL, rate:0, size:45
2026-05-11 17:59:05, EXEC, v:1, k:fup@baruel, mode:FULL, rate:0, size:47
2026-05-11 17:59:04, MOVE, v:1, k:fup@baruel, mode:EDIT
2026-05-11 17:59:05, MOVE, v:1, k:fup@baruel, mode:EDIT
