2026-04-06 15:56:13, MOVE, v:1, k:fup@loop_i, mode:PICK
2026-04-06 15:56:16, EXEC, v:1, k:fup@loop_i, mode:FULL, rate:100, size:14
2026-04-06 15:56:20, MOVE, v:1, k:fup@loop_i, mode:BACK
2026-04-06 15:56:40, MOVE, v:1, k:fup@loop_ii, mode:DOWN
2026-04-06 15:56:41, MOVE, v:1, k:fup@loop_ii, mode:PICK
2026-04-06 15:57:20, MOVE, v:1, k:fup@loop_ii, mode:BACK
2026-04-06 15:57:51, SELF, v:1, k:fup@loop_i, self:1, rate:100
2026-04-06 15:57:55, MOVE, v:1, k:fup@loop_ii, mode:PICK
2026-04-06 15:58:01, EXEC, v:1, k:fup@loop_ii, mode:FULL, size:5, fail:COMP
2026-04-06 15:58:59, EXEC, v:1, k:fup@loop_ii, mode:FULL, rate:0, size:11
2026-04-06 15:59:23, EXEC, v:1, k:fup@loop_ii, mode:FULL, rate:0, size:11
2026-04-06 15:59:31, EXEC, v:1, k:fup@loop_ii, mode:FULL, rate:0, size:11
2026-04-06 16:00:30, EXEC, v:1, k:fup@loop_ii, mode:FULL, rate:0, size:13
2026-04-06 16:00:48, EXEC, v:1, k:fup@loop_ii, mode:FULL, rate:0, size:13
2026-04-06 16:00:59, EXEC, v:1, k:fup@loop_ii, mode:FULL, rate:100, size:13
2026-04-06 16:01:01, MOVE, v:1, k:fup@loop_ii, mode:BACK
2026-04-06 16:01:12, MOVE, v:1, k:fup@loop_ii, mode:PICK
2026-04-06 16:01:13, EXEC, v:1, k:fup@loop_ii, mode:FULL, rate:100, size:15
2026-04-06 16:01:14, MOVE, v:1, k:fup@loop_ii, mode:BACK
2026-04-06 16:01:18, SELF, v:1, k:fup@loop_ii, self:1, rate:100
2026-04-06 16:01:45, MOVE, v:1, k:fup@loop_iii, mode:DOWN
2026-04-06 16:01:53, MOVE, v:1, k:fup@loop_iii, mode:PICK
2026-04-06 16:01:55, EXEC, v:1, k:fup@loop_iii, mode:FULL, rate:0, size:5
2026-04-06 16:02:02, MOVE, v:1, k:fup@loop_iii, mode:BACK
2026-04-06 16:02:07, MOVE, v:1, k:fup@loop_ii, mode:PICK
2026-04-06 16:02:13, MOVE, v:1, k:fup@loop_ii, mode:BACK
2026-04-06 16:02:15, MOVE, v:1, k:fup@loop_iii, mode:PICK
2026-04-06 16:03:23, EXEC, v:1, k:fup@loop_iii, mode:FULL, rate:100, size:15
2026-04-06 16:03:24, MOVE, v:1, k:fup@loop_iii, mode:BACK
2026-04-06 16:03:29, SELF, v:1, k:fup@loop_iii, self:1, rate:100
2026-04-06 16:04:52, MOVE, v:1, k:fup@loop_iv, mode:DOWN
2026-04-06 16:04:53, MOVE, v:1, k:fup@loop_iv, mode:PICK
2026-04-06 16:08:08, EXEC, v:1, k:fup@loop_iv, mode:FULL, rate:100, size:24
2026-04-06 16:08:13, MOVE, v:1, k:fup@loop_iv, mode:BACK
2026-04-06 16:08:22, SELF, v:1, k:fup@loop_iv, self:1, rate:100, friend:3
2026-04-06 16:08:50, MOVE, v:1, k:fup@loop_v, mode:DOWN
2026-04-06 16:08:52, MOVE, v:1, k:fup@loop_v, mode:PICK
2026-04-06 16:19:39, EXEC, v:1, k:fup@loop_v, mode:FULL, rate:0, size:22
2026-04-06 16:20:27, EXEC, v:1, k:fup@loop_v, mode:FULL, rate:0, size:24
2026-04-06 16:20:38, EXEC, v:1, k:fup@loop_v, mode:FULL, rate:100, size:24
2026-04-06 16:20:40, MOVE, v:1, k:fup@loop_v, mode:BACK
2026-04-06 16:20:48, SELF, v:1, k:fup@loop_v, self:1, rate:100, friend:5
