2026-03-24 15:12:09, MOVE, v:1, k:fup@mumia, mode:DOWN
2026-03-24 15:12:12, MOVE, v:1, k:fup@mumia, mode:PICK
2026-03-24 15:12:16, EXEC, v:1, k:fup@mumia, mode:FULL, rate:0, size:5
2026-03-24 15:12:19, EXEC, v:1, k:fup@mumia, mode:FREE
2026-03-24 15:12:28, EXEC, v:1, k:fup@mumia, mode:FREE
2026-03-24 15:13:40, EXEC, v:1, k:fup@mumia, mode:FREE
2026-03-24 15:20:21, MOVE, v:1, k:fup@mumia, mode:BACK
2026-03-24 15:20:32, MOVE, v:1, k:fup@impar, mode:PICK
2026-03-24 15:20:33, EXEC, v:1, k:fup@impar, mode:FREE
2026-03-24 15:22:49, MOVE, v:1, k:fup@impar, mode:BACK
2026-03-24 15:22:52, MOVE, v:1, k:fup@mumia, mode:PICK
2026-03-24 15:22:53, EXEC, v:1, k:fup@mumia, mode:FULL, size:10, fail:COMP
2026-03-24 15:26:56, EXEC, v:1, k:fup@mumia, mode:FULL, rate:0, size:20
2026-03-24 15:27:40, EXEC, v:1, k:fup@mumia, mode:FULL, rate:88, size:20
2026-03-24 15:28:43, EXEC, v:1, k:fup@mumia, mode:FULL, size:22, fail:COMP
2026-03-24 15:28:59, EXEC, v:1, k:fup@mumia, mode:FULL, rate:100, size:22
2026-03-24 15:29:06, MOVE, v:1, k:fup@mumia, mode:BACK
2026-03-24 15:29:23, SELF, v:1, k:fup@mumia, self:1, rate:100, study:12
2026-03-24 15:29:23, MOVE, v:1, k:fup@mumia, mode:PICK
2026-03-24 15:29:25, MOVE, v:1, k:fup@mumia, mode:BACK
2026-03-24 15:29:38, MOVE, v:1, k:fup@meio, mode:DOWN
2026-03-24 15:29:39, MOVE, v:1, k:fup@meio, mode:PICK
2026-03-24 15:29:41, EXEC, v:1, k:fup@meio, mode:FULL, rate:0, size:5
2026-03-24 15:32:39, MOVE, v:1, k:fup@meio, mode:BACK
2026-03-24 15:41:12, MOVE, v:1, k:fup@final, mode:DOWN
2026-03-24 15:41:15, MOVE, v:1, k:fup@final, mode:PICK
2026-03-24 15:53:02, EXEC, v:1, k:fup@final, mode:FULL, rate:100, size:26
2026-03-24 15:53:08, MOVE, v:1, k:fup@final, mode:BACK
2026-03-24 15:53:16, SELF, v:1, k:fup@final, self:1, rate:100, study:10
2026-03-24 16:17:03, MOVE, v:1, k:fup@semana, mode:DOWN
2026-03-24 16:17:04, MOVE, v:1, k:fup@semana, mode:PICK
2026-03-24 16:17:06, EXEC, v:1, k:fup@semana, mode:FULL, rate:0, size:5
2026-03-24 16:17:12, EXEC, v:1, k:fup@semana, mode:FREE
2026-03-24 16:24:54, EXEC, v:1, k:fup@semana, mode:FULL, rate:100, size:25
2026-03-24 16:24:58, MOVE, v:1, k:fup@semana, mode:BACK
2026-03-24 16:25:07, SELF, v:1, k:fup@semana, self:1, rate:100, study:7
2026-03-24 16:31:06, MOVE, v:1, k:fup@varetas, mode:DOWN
2026-03-24 16:31:07, MOVE, v:1, k:fup@varetas, mode:PICK
2026-03-24 16:37:21, EXEC, v:1, k:fup@varetas, mode:FULL, rate:100, size:16
2026-03-24 16:37:43, MOVE, v:1, k:fup@varetas, mode:BACK
2026-03-24 16:37:54, SELF, v:1, k:fup@varetas, self:1, rate:100, study:5
2026-03-24 16:38:08, MOVE, v:1, k:fup@bhaskara, mode:DOWN
2026-03-24 16:38:27, MOVE, v:1, k:fup@bhaskara, mode:PICK
2026-03-24 16:38:29, EXEC, v:1, k:fup@bhaskara, mode:FULL, rate:0, size:5
2026-03-24 16:38:31, EXEC, v:1, k:fup@bhaskara, mode:FREE
2026-03-24 16:55:10, EXEC, v:1, k:fup@bhaskara, mode:FULL, rate:57, size:32
2026-03-24 16:59:21, EXEC, v:1, k:fup@bhaskara, mode:FULL, rate:85, size:32
2026-03-24 16:59:52, EXEC, v:1, k:fup@bhaskara, mode:FULL, rate:85, size:32
2026-03-24 17:00:05, EXEC, v:1, k:fup@bhaskara, mode:FULL, rate:100, size:32
2026-03-24 17:00:17, MOVE, v:1, k:fup@bhaskara, mode:BACK
2026-03-24 17:00:25, MOVE, v:1, k:fup@bhaskara, mode:PICK
2026-03-24 17:00:26, MOVE, v:1, k:fup@bhaskara, mode:BACK
2026-03-24 17:00:33, SELF, v:1, k:fup@bhaskara, self:1, rate:100, study:20
2026-03-24 17:00:56, MOVE, v:1, k:fup@cortada, mode:DOWN
2026-03-24 17:04:31, MOVE, v:1, k:fup@cortada, mode:PICK
2026-03-24 17:04:43, EXEC, v:1, k:fup@cortada, mode:FULL, rate:0, size:6
2026-03-24 17:43:22, EXEC, v:1, k:fup@cortada, mode:FULL, rate:100, size:23
2026-03-24 17:43:27, MOVE, v:1, k:fup@cortada, mode:BACK
2026-03-24 17:43:36, SELF, v:1, k:fup@cortada, self:1, rate:100, study:25
