2026-05-18 16:50:29, MOVE, v:1, k:fup@batraquios, mode:PICK
2026-05-18 16:50:31, EXEC, v:1, k:fup@batraquios, mode:FULL, rate:42
2026-05-18 16:51:33, EXEC, v:1, k:fup@batraquios, mode:FULL, rate:42, size:34
2026-05-18 16:53:06, EXEC, v:1, k:fup@batraquios, mode:FULL, rate:42, size:34
2026-05-18 16:53:52, EXEC, v:1, k:fup@batraquios, mode:FULL, rate:42, size:35
2026-05-18 16:54:03, EXEC, v:1, k:fup@batraquios, mode:FULL, rate:42
2026-05-18 16:54:04, EXEC, v:1, k:fup@batraquios, mode:FREE
2026-05-18 16:54:16, MOVE, v:1, k:fup@batraquios, mode:EDIT
2026-05-18 16:55:06, MOVE, v:1, k:fup@batraquios, mode:EDIT
2026-05-18 16:55:10, EXEC, v:1, k:fup@batraquios, mode:FULL, rate:42
2026-05-18 16:55:12, EXEC, v:1, k:fup@batraquios, mode:FULL, rate:42
2026-05-18 16:55:14, EXEC, v:1, k:fup@batraquios, mode:FREE
2026-05-18 16:56:50, EXEC, v:1, k:fup@batraquios, mode:FULL, rate:14, size:37
2026-05-18 16:57:01, EXEC, v:1, k:fup@batraquios, mode:FULL, rate:85, size:36
2026-05-18 16:57:42, EXEC, v:1, k:fup@batraquios, mode:FULL, rate:71, size:36
2026-05-18 16:57:51, EXEC, v:1, k:fup@batraquios, mode:FULL, rate:71, size:36
2026-05-18 16:57:56, EXEC, v:1, k:fup@batraquios, mode:FULL, rate:85, size:36
2026-05-18 16:58:49, EXEC, v:1, k:fup@batraquios, mode:FULL, rate:85, size:36
2026-05-18 16:59:18, EXEC, v:1, k:fup@batraquios, mode:FULL, rate:14, size:37
2026-05-18 16:59:20, EXEC, v:1, k:fup@batraquios, mode:FULL, rate:14
2026-05-18 16:59:22, EXEC, v:1, k:fup@batraquios, mode:FREE
2026-05-18 16:59:17, MOVE, v:1, k:fup@batraquios, mode:EDIT
2026-05-18 16:59:22, MOVE, v:1, k:fup@batraquios, mode:EDIT
2026-05-18 17:02:10, EXEC, v:1, k:fup@batraquios, mode:FULL, rate:100, size:36
2026-05-18 17:02:23, MOVE, v:1, k:fup@batraquios, mode:BACK
2026-05-18 17:02:55, SELF, v:1, k:fup@batraquios, self:1, rate:100, friend:Hanna
2026-05-18 17:04:04, MOVE, v:1, k:fup@baruel, mode:PICK
2026-05-18 17:04:05, EXEC, v:1, k:fup@baruel, mode:FULL, rate:0
2026-05-18 17:02:09, MOVE, v:1, k:fup@batraquios, mode:EDIT
2026-05-18 17:02:10, MOVE, v:1, k:fup@batraquios, mode:EDIT
2026-05-18 17:04:05, MOVE, v:1, k:fup@baruel, mode:EDIT
2026-05-18 17:04:56, MOVE, v:1, k:fup@baruel, mode:EDIT
2026-05-18 17:07:08, EXEC, v:1, k:fup@baruel, mode:FULL, rate:0, size:43
2026-05-18 17:08:11, EXEC, v:1, k:fup@baruel, mode:FULL, rate:0, size:43
2026-05-18 17:08:10, MOVE, v:1, k:fup@baruel, mode:EDIT
2026-05-18 17:08:11, MOVE, v:1, k:fup@baruel, mode:EDIT
2026-05-18 17:11:29, MOVE, v:1, k:fup@baruel, mode:BACK
2026-05-18 17:11:32, MOVE, v:1, k:fup@tazos, mode:PICK
2026-05-18 17:11:33, EXEC, v:1, k:fup@tazos, mode:FULL, size:16, fail:COMP
2026-05-18 17:14:27, MOVE, v:1, k:fup@tazos, mode:EDIT
2026-05-18 17:15:11, MOVE, v:1, k:fup@tazos, mode:EDIT
2026-05-18 17:23:00, MOVE, v:1, k:fup@tazos, mode:BACK
2026-05-18 17:23:04, MOVE, v:1, k:fup@dindin, mode:PICK
2026-05-18 17:23:05, EXEC, v:1, k:fup@dindin, mode:FULL, rate:100
2026-05-18 17:23:44, MOVE, v:1, k:fup@dindin, mode:BACK
2026-05-18 17:23:05, MOVE, v:1, k:fup@dindin, mode:EDIT
2026-05-18 21:45:39, MOVE, v:1, k:fup@baruel, mode:PICK
2026-05-18 21:45:41, EXEC, v:1, k:fup@baruel, mode:FULL, rate:0
2026-05-18 21:45:41, MOVE, v:1, k:fup@baruel, mode:EDIT
2026-05-18 21:49:57, MOVE, v:1, k:fup@baruel, mode:EDIT
2026-05-18 21:55:24, MOVE, v:1, k:fup@baruel, mode:EDIT
2026-05-18 21:55:34, MOVE, v:1, k:fup@baruel, mode:EDIT
2026-05-18 22:25:52, MOVE, v:1, k:fup@baruel, mode:EDIT
