2026-05-06 00:29:07, MOVE, v:1, k:fup@repetidos, mode:PICK
2026-05-06 00:29:09, EXEC, v:1, k:fup@repetidos, mode:FULL, rate:100, size:23
2026-05-06 00:29:13, MOVE, v:1, k:fup@repetidos, mode:BACK
2026-05-06 00:29:20, SELF, v:1, k:fup@repetidos, self:1, rate:100
2026-05-06 00:29:22, MOVE, v:1, k:fup@batraquios, mode:DOWN
2026-05-06 00:29:23, MOVE, v:1, k:fup@batraquios, mode:PICK
2026-05-06 00:29:25, EXEC, v:1, k:fup@batraquios, mode:FULL, rate:0, size:5
2026-05-06 00:28:58, MOVE, v:1, k:fup@repetidos, mode:EDIT
2026-05-06 00:29:09, MOVE, v:1, k:fup@repetidos, mode:EDIT
2026-05-06 00:29:22, MOVE, v:1, k:fup@batraquios, mode:EDIT
2026-05-06 00:29:22, MOVE, v:1, k:fup@batraquios, mode:EDIT
2026-05-06 00:29:22, MOVE, v:1, k:fup@batraquios, mode:EDIT
2026-05-06 00:29:25, MOVE, v:1, k:fup@batraquios, mode:EDIT
2026-05-06 00:29:34, MOVE, v:1, k:sandbox@user_003, mode:EDIT
2026-05-06 00:37:31, MOVE, v:1, k:fup@batraquios, mode:EDIT
2026-05-06 00:41:38, MOVE, v:1, k:fup@batraquios, mode:BACK
2026-05-06 00:41:44, MOVE, v:1, k:fup@vet_i, mode:PICK
2026-05-06 00:42:26, MOVE, v:1, k:fup@batraquios, mode:EDIT
2026-05-06 00:45:14, MOVE, v:1, k:fup@batraquios, mode:EDIT
2026-05-06 00:52:37, EXEC, v:1, k:fup@vet_i, mode:FULL, rate:100
2026-05-06 00:52:39, MOVE, v:1, k:fup@vet_i, mode:BACK
2026-05-06 00:52:43, MOVE, v:1, k:fup@batraquios, mode:PICK
2026-05-06 00:52:45, EXEC, v:1, k:fup@batraquios, mode:FULL, rate:0, size:15
2026-05-06 00:49:12, MOVE, v:1, k:fup@batraquios, mode:EDIT
2026-05-06 00:52:37, MOVE, v:1, k:fup@vet_i, mode:EDIT
2026-05-06 00:52:45, MOVE, v:1, k:fup@batraquios, mode:EDIT
2026-05-06 00:57:36, MOVE, v:1, k:fup@batraquios, mode:EDIT
2026-05-06 01:01:50, MOVE, v:1, k:fup@batraquios, mode:BACK
2026-05-06 01:01:58, MOVE, v:1, k:fup@apertada, mode:PICK
2026-05-06 01:02:35, MOVE, v:1, k:fup@batraquios, mode:EDIT
2026-05-06 01:06:32, MOVE, v:1, k:fup@batraquios, mode:EDIT
2026-05-06 01:12:52, MOVE, v:1, k:fup@batraquios, mode:EDIT
2026-05-06 01:17:15, MOVE, v:1, k:fup@batraquios, mode:EDIT
2026-05-06 01:21:16, MOVE, v:1, k:fup@batraquios, mode:EDIT
2026-05-06 01:29:12, MOVE, v:1, k:fup@batraquios, mode:EDIT
