2026-06-04 10:38:59, MOVE, v:1, k:fup@medico, mode:DOWN
2026-06-04 10:39:00, MOVE, v:1, k:fup@medico, mode:PICK
2026-06-04 10:39:07, EXEC, v:1, k:fup@medico, mode:FULL, rate:0, size:5
2026-06-04 10:39:43, EXEC, v:1, k:fup@medico, mode:FULL, rate:100, size:34
2026-06-04 10:38:59, MOVE, v:1, k:fup@medico, mode:EDIT
2026-06-04 10:38:59, MOVE, v:1, k:fup@medico, mode:EDIT
2026-06-04 10:39:20, MOVE, v:1, k:fup@medico, mode:EDIT
2026-06-04 10:39:43, MOVE, v:1, k:fup@medico, mode:EDIT
2026-06-04 10:55:57, EXEC, v:1, k:fup@medico, mode:FULL, rate:100
2026-06-04 10:55:58, MOVE, v:1, k:fup@medico, mode:BACK
2026-06-04 10:56:07, SELF, v:1, k:fup@medico, self:1, rate:100, friend:betina
2026-06-04 10:57:45, MOVE, v:1, k:fup@impedido, mode:DOWN
2026-06-04 10:57:45, MOVE, v:1, k:fup@impedido, mode:PICK
2026-06-04 10:55:57, MOVE, v:1, k:fup@medico, mode:EDIT
2026-06-04 10:57:44, MOVE, v:1, k:fup@impedido, mode:EDIT
2026-06-04 10:57:45, MOVE, v:1, k:fup@impedido, mode:EDIT
2026-06-04 10:57:54, MOVE, v:1, k:fup@impedido, mode:EDIT
2026-06-04 11:00:37, EXEC, v:1, k:fup@impedido, mode:FULL, rate:100, size:12
2026-06-04 11:00:39, MOVE, v:1, k:fup@impedido, mode:BACK
2026-06-04 11:00:40, MOVE, v:1, k:fup@impedido, mode:PICK
2026-06-04 11:00:42, EXEC, v:1, k:fup@impedido, mode:FULL, rate:100
2026-06-04 11:00:43, MOVE, v:1, k:fup@impedido, mode:BACK
2026-06-04 11:00:52, SELF, v:1, k:fup@impedido, self:1, rate:100, friend:Betina
2026-06-04 11:02:04, MOVE, v:1, k:fup@castelos, mode:DOWN
2026-06-04 11:02:05, MOVE, v:1, k:fup@castelos, mode:PICK
2026-06-04 11:02:32, EXEC, v:1, k:fup@castelos, mode:FULL, rate:60, size:21
2026-06-04 11:00:42, MOVE, v:1, k:fup@impedido, mode:EDIT
2026-06-04 11:02:04, MOVE, v:1, k:fup@castelos, mode:EDIT
2026-06-04 11:02:04, MOVE, v:1, k:fup@castelos, mode:EDIT
2026-06-04 11:02:31, MOVE, v:1, k:fup@castelos, mode:EDIT
2026-06-04 11:02:32, MOVE, v:1, k:fup@castelos, mode:EDIT
2026-06-04 11:04:38, EXEC, v:1, k:fup@castelos, mode:FULL, rate:80, size:22
2026-06-04 11:04:52, EXEC, v:1, k:fup@castelos, mode:FULL, rate:0, size:22
2026-06-04 11:05:38, EXEC, v:1, k:fup@castelos, mode:FULL, rate:100, size:21
2026-06-04 11:05:39, MOVE, v:1, k:fup@castelos, mode:BACK
2026-06-04 11:05:49, SELF, v:1, k:fup@castelos, self:1, rate:100, friend:Betina
2026-06-04 11:06:32, MOVE, v:1, k:fup@botas, mode:DOWN
2026-06-04 11:06:34, MOVE, v:1, k:fup@botas, mode:PICK
2026-06-04 11:05:37, MOVE, v:1, k:fup@castelos, mode:EDIT
2026-06-04 11:05:38, MOVE, v:1, k:fup@castelos, mode:EDIT
2026-06-04 11:06:32, MOVE, v:1, k:fup@botas, mode:EDIT
2026-06-04 11:06:32, MOVE, v:1, k:fup@botas, mode:EDIT
2026-06-04 11:06:42, MOVE, v:1, k:fup@botas, mode:EDIT
2026-06-04 11:15:12, EXEC, v:1, k:fup@botas, mode:FULL, rate:100, size:36
2026-06-04 11:15:13, MOVE, v:1, k:fup@botas, mode:BACK
2026-06-04 11:15:22, SELF, v:1, k:fup@botas, self:1, rate:100, friend:Betina
2026-06-04 11:16:03, MOVE, v:1, k:fup@chaves, mode:DOWN
2026-06-04 11:16:06, MOVE, v:1, k:fup@chaves, mode:PICK
2026-06-04 11:16:11, EXEC, v:1, k:fup@chaves, mode:FULL, rate:0, size:5
2026-06-04 11:16:18, EXEC, v:1, k:fup@chaves, mode:FULL, rate:100, size:14
2026-06-04 11:17:53, MOVE, v:1, k:fup@chaves, mode:BACK
2026-06-04 11:17:55, MOVE, v:1, k:fup@chaves, mode:PICK
2026-06-04 11:17:56, EXEC, v:1, k:fup@chaves, mode:FULL, rate:100
2026-06-04 11:17:57, MOVE, v:1, k:fup@chaves, mode:BACK
2026-06-04 11:18:05, SELF, v:1, k:fup@chaves, self:1, rate:100, friend:Betina
2026-06-04 11:15:12, MOVE, v:1, k:fup@botas, mode:EDIT
2026-06-04 11:16:03, MOVE, v:1, k:fup@chaves, mode:EDIT
2026-06-04 11:16:03, MOVE, v:1, k:fup@chaves, mode:EDIT
2026-06-04 11:16:16, MOVE, v:1, k:fup@chaves, mode:EDIT
2026-06-04 11:17:56, MOVE, v:1, k:fup@chaves, mode:EDIT
2026-06-04 11:22:26, MOVE, v:1, k:fup@primo, mode:DOWN
2026-06-04 11:22:28, MOVE, v:1, k:fup@primo, mode:PICK
2026-06-04 11:22:50, MOVE, v:1, k:fup@primo, mode:PICK
2026-06-04 11:22:51, EXEC, v:1, k:fup@primo, mode:FULL, rate:0, size:5
2026-06-04 11:24:44, EXEC, v:1, k:fup@primo, mode:FULL, rate:100, size:20
2026-06-04 11:25:57, EXEC, v:1, k:fup@primo, mode:FULL, rate:100
2026-06-04 11:25:58, MOVE, v:1, k:fup@primo, mode:BACK
2026-06-04 11:26:07, SELF, v:1, k:fup@primo, self:1, rate:100, friend:Betina
2026-06-04 11:27:03, MOVE, v:1, k:fup@exemplares, mode:PICK
2026-06-04 11:27:20, MOVE, v:1, k:fup@exemplares, mode:BACK
2026-06-04 11:25:57, MOVE, v:1, k:fup@primo, mode:EDIT
2026-06-04 11:22:59, MOVE, v:1, k:fup@primo, mode:EDIT
2026-06-04 11:28:17, MOVE, v:1, k:fup@parkour, mode:PICK
2026-06-04 11:28:18, EXEC, v:1, k:fup@parkour, mode:FULL, rate:100
2026-06-04 11:28:31, MOVE, v:1, k:fup@parkour, mode:BACK
2026-06-04 11:28:18, MOVE, v:1, k:fup@parkour, mode:EDIT
2026-06-04 12:01:58, MOVE, v:1, k:fup@jedi, mode:DOWN
2026-06-04 12:01:59, MOVE, v:1, k:fup@jedi, mode:PICK
2026-06-04 12:02:01, EXEC, v:1, k:fup@jedi, mode:FULL, rate:0, size:5
2026-06-04 12:01:58, MOVE, v:1, k:fup@jedi, mode:EDIT
2026-06-04 12:01:58, MOVE, v:1, k:fup@jedi, mode:EDIT
2026-06-04 12:01:58, MOVE, v:1, k:fup@jedi, mode:EDIT
2026-06-04 12:02:01, MOVE, v:1, k:fup@jedi, mode:EDIT
2026-06-04 12:06:10, MOVE, v:1, k:fup@jedi, mode:EDIT
2026-06-04 12:12:41, MOVE, v:1, k:fup@jedi, mode:EDIT
2026-06-04 12:16:42, EXEC, v:1, k:fup@jedi, mode:FULL, size:26, fail:COMP
2026-06-04 12:16:50, EXEC, v:1, k:fup@jedi, mode:FULL, rate:33, size:26
2026-06-04 12:17:29, EXEC, v:1, k:fup@jedi, mode:FULL, rate:0, size:27
2026-06-04 12:17:40, EXEC, v:1, k:fup@jedi, mode:FULL, rate:0, size:27
2026-06-04 12:17:40, MOVE, v:1, k:fup@jedi, mode:EDIT
2026-06-04 12:17:40, MOVE, v:1, k:fup@jedi, mode:EDIT
2026-06-04 12:17:50, EXEC, v:1, k:fup@jedi, mode:FULL, rate:100, size:26
2026-06-04 12:17:51, MOVE, v:1, k:fup@jedi, mode:BACK
2026-06-04 12:17:57, SELF, v:1, k:fup@jedi, self:1, rate:100
2026-06-04 12:17:49, MOVE, v:1, k:fup@jedi, mode:EDIT
2026-06-04 12:17:49, MOVE, v:1, k:fup@jedi, mode:EDIT
2026-06-04 12:23:22, MOVE, v:1, k:fup@xuxa, mode:DOWN
2026-06-04 12:23:23, MOVE, v:1, k:fup@xuxa, mode:PICK
2026-06-04 12:23:22, MOVE, v:1, k:fup@xuxa, mode:EDIT
2026-06-04 12:23:22, MOVE, v:1, k:fup@xuxa, mode:EDIT
2026-06-04 12:32:15, MOVE, v:1, k:fup@xuxa, mode:PICK
2026-06-04 12:33:13, EXEC, v:1, k:fup@xuxa, mode:FULL, rate:0, size:5
2026-06-04 12:34:51, MOVE, v:1, k:fup@xuxa, mode:BACK
2026-06-04 12:35:02, MOVE, v:1, k:fup@invertendo, mode:PICK
2026-06-04 12:35:04, EXEC, v:1, k:fup@invertendo, mode:FULL, rate:100
2026-06-04 12:35:35, MOVE, v:1, k:fup@invertendo, mode:BACK
2026-06-04 12:35:55, MOVE, v:1, k:fup@xuxa, mode:PICK
2026-06-04 12:35:56, EXEC, v:1, k:fup@xuxa, mode:FULL, rate:0
2026-06-04 12:36:01, EXEC, v:1, k:fup@xuxa, mode:FULL, rate:0
2026-06-04 12:36:09, MOVE, v:1, k:fup@xuxa, mode:BACK
2026-06-04 12:36:15, MOVE, v:1, k:fup@invertendo, mode:PICK
2026-06-04 12:36:16, EXEC, v:1, k:fup@invertendo, mode:FULL, rate:100
2026-06-04 12:36:33, EXEC, v:1, k:fup@invertendo, mode:FULL, rate:100
2026-06-04 12:36:34, MOVE, v:1, k:fup@invertendo, mode:BACK
2026-06-04 12:36:46, MOVE, v:1, k:fup@xuxa, mode:PICK
2026-06-04 12:36:47, EXEC, v:1, k:fup@xuxa, mode:FULL, rate:0
2026-06-04 12:36:47, MOVE, v:1, k:fup@xuxa, mode:EDIT
2026-06-04 12:36:33, MOVE, v:1, k:fup@invertendo, mode:EDIT
2026-06-04 12:39:31, EXEC, v:1, k:fup@xuxa, mode:FULL, size:21, fail:COMP
2026-06-04 12:39:32, EXEC, v:1, k:fup@xuxa, mode:FULL, fail:COMP
2026-06-04 12:39:33, EXEC, v:1, k:fup@xuxa, mode:FULL, fail:COMP
2026-06-04 12:39:34, EXEC, v:1, k:fup@xuxa, mode:FULL, fail:COMP
2026-06-04 12:39:34, EXEC, v:1, k:fup@xuxa, mode:FULL, fail:COMP
2026-06-04 12:39:44, EXEC, v:1, k:fup@xuxa, mode:FULL, rate:0, size:21
2026-06-04 12:39:42, MOVE, v:1, k:fup@xuxa, mode:EDIT
2026-06-04 12:39:44, MOVE, v:1, k:fup@xuxa, mode:EDIT
2026-06-04 12:44:44, MOVE, v:1, k:fup@xuxa, mode:EDIT
2026-06-04 12:51:30, EXEC, v:1, k:fup@xuxa, mode:FULL, rate:0, size:12
2026-06-04 12:51:59, MOVE, v:1, k:fup@xuxa, mode:EDIT
2026-06-04 12:51:30, MOVE, v:1, k:fup@xuxa, mode:EDIT
2026-06-04 12:52:02, EXEC, v:1, k:fup@xuxa, mode:FULL, rate:0, size:12
2026-06-04 12:52:02, MOVE, v:1, k:fup@xuxa, mode:EDIT
2026-06-04 12:54:18, MOVE, v:1, k:fup@xuxa, mode:EDIT
2026-06-04 20:09:54, MOVE, v:1, k:fup@xuxa, mode:PICK
2026-06-04 20:09:55, EXEC, v:1, k:fup@xuxa, mode:FULL, size:8, fail:COMP
2026-06-04 20:10:06, EXEC, v:1, k:fup@xuxa, mode:FULL, rate:0, size:8
2026-06-04 20:12:28, EXEC, v:1, k:fup@xuxa, mode:FULL, rate:0, size:11
2026-06-04 20:12:27, MOVE, v:1, k:fup@xuxa, mode:EDIT
2026-06-04 20:12:28, MOVE, v:1, k:fup@xuxa, mode:EDIT
