2026-03-23 15:15:12, MOVE, v:1, k:fup@abs, mode:DOWN
2026-03-23 15:15:14, MOVE, v:1, k:fup@abs, mode:PICK
2026-03-23 15:15:16, EXEC, v:1, k:fup@abs, mode:FULL, rate:0, size:5
2026-03-23 15:24:10, MOVE, v:1, k:fup@abs, mode:BACK
2026-03-23 15:24:16, MOVE, v:1, k:fup@tres, mode:PICK
2026-03-23 15:24:59, MOVE, v:1, k:fup@tres, mode:BACK
2026-03-23 15:25:03, MOVE, v:1, k:fup@abs, mode:PICK
2026-03-23 15:25:04, EXEC, v:1, k:fup@abs, mode:FULL, size:9, fail:COMP
2026-03-23 15:28:07, EXEC, v:1, k:fup@abs, mode:FULL, rate:0, size:14
2026-03-23 15:28:37, EXEC, v:1, k:fup@abs, mode:FULL, rate:50, size:15
2026-03-23 15:32:59, EXEC, v:1, k:fup@abs, mode:FULL, size:15, fail:COMP
2026-03-23 15:33:26, EXEC, v:1, k:fup@abs, mode:FULL, rate:0, size:15
2026-03-23 15:33:33, EXEC, v:1, k:fup@abs, mode:FULL, rate:100, size:15
2026-03-23 15:33:37, EXEC, v:1, k:fup@abs, mode:FULL, rate:100
2026-03-23 15:33:39, MOVE, v:1, k:fup@abs, mode:BACK
2026-03-23 15:34:05, SELF, v:1, k:fup@abs, self:1, rate:100, study:17
2026-03-23 15:34:08, MOVE, v:1, k:fup@max, mode:DOWN
2026-03-23 15:34:10, MOVE, v:1, k:fup@max, mode:PICK
2026-03-23 15:34:22, EXEC, v:1, k:fup@max, mode:FULL, rate:0, size:5
2026-03-23 15:39:14, EXEC, v:1, k:fup@max, mode:FULL, rate:25, size:15
2026-03-23 15:39:42, EXEC, v:1, k:fup@max, mode:FULL, rate:100, size:15
2026-03-23 15:40:00, MOVE, v:1, k:fup@max, mode:BACK
2026-03-23 15:40:22, SELF, v:1, k:fup@max, self:1, rate:100, study:5
2026-03-23 15:40:26, MOVE, v:1, k:fup@ou, mode:DOWN
2026-03-23 15:40:28, MOVE, v:1, k:fup@ou, mode:PICK
2026-03-23 15:42:58, EXEC, v:1, k:fup@ou, mode:FULL, size:15, fail:COMP
2026-03-23 15:43:40, EXEC, v:1, k:fup@ou, mode:FULL, rate:40, size:14
2026-03-23 15:43:51, EXEC, v:1, k:fup@ou, mode:FULL, rate:100, size:14
2026-03-23 15:43:58, MOVE, v:1, k:fup@ou, mode:BACK
2026-03-23 15:44:07, SELF, v:1, k:fup@ou, self:1, rate:100, study:3
2026-03-23 15:44:10, MOVE, v:1, k:fup@positivo, mode:DOWN
2026-03-23 15:44:11, MOVE, v:1, k:fup@positivo, mode:PICK
2026-03-23 15:46:43, EXEC, v:1, k:fup@positivo, mode:FULL, rate:100, size:14
2026-03-23 15:46:51, MOVE, v:1, k:fup@positivo, mode:BACK
2026-03-23 15:47:00, SELF, v:1, k:fup@positivo, self:1, rate:100, study:2
2026-03-23 15:47:16, MOVE, v:1, k:fup@multiplo, mode:DOWN
2026-03-23 15:47:20, MOVE, v:1, k:fup@multiplo, mode:PICK
2026-03-23 15:49:48, EXEC, v:1, k:fup@multiplo, mode:FULL, rate:100, size:14
2026-03-23 15:49:50, MOVE, v:1, k:fup@multiplo, mode:BACK
2026-03-23 15:50:15, SELF, v:1, k:fup@multiplo, self:1, rate:100, study:2
2026-03-23 15:50:46, MOVE, v:1, k:fup@calc, mode:DOWN
2026-03-23 15:50:49, MOVE, v:1, k:fup@calc, mode:PICK
2026-03-23 16:03:36, EXEC, v:1, k:fup@calc, mode:FULL, rate:33, size:25
2026-03-23 16:05:24, EXEC, v:1, k:fup@calc, mode:FULL, rate:33, size:26
2026-03-23 16:06:56, EXEC, v:1, k:fup@calc, mode:FULL, size:26, fail:COMP
2026-03-23 16:07:23, EXEC, v:1, k:fup@calc, mode:FULL, rate:33, size:26
2026-03-23 16:07:24, EXEC, v:1, k:fup@calc, mode:FULL, rate:33
2026-03-23 16:43:22, MOVE, v:1, k:fup@calc, mode:PICK
2026-03-23 16:43:23, EXEC, v:1, k:fup@calc, mode:FULL, rate:33
2026-03-23 16:43:31, EXEC, v:1, k:fup@calc, mode:FULL, rate:33
2026-03-23 16:44:09, EXEC, v:1, k:fup@calc, mode:FULL, rate:33, size:26
2026-03-23 16:44:47, EXEC, v:1, k:fup@calc, mode:FULL, rate:33, size:26
2026-03-23 16:45:23, EXEC, v:1, k:fup@calc, mode:FULL, rate:33
2026-03-23 16:50:23, EXEC, v:1, k:fup@calc, mode:FULL, rate:0, size:16
2026-03-23 16:53:21, EXEC, v:1, k:fup@calc, mode:FULL, rate:33, size:26
2026-03-23 16:54:01, EXEC, v:1, k:fup@calc, mode:FULL, rate:33, size:26
2026-03-23 17:03:31, EXEC, v:1, k:fup@calc, mode:FULL, size:26, fail:COMP
2026-03-23 17:03:38, EXEC, v:1, k:fup@calc, mode:FULL, rate:33, size:26
2026-03-23 17:06:55, EXEC, v:1, k:fup@calc, mode:FULL, rate:0, size:25
2026-03-23 17:07:14, EXEC, v:1, k:fup@calc, mode:FULL, rate:33, size:25
2026-03-23 17:08:09, EXEC, v:1, k:fup@calc, mode:FULL, rate:33, size:25
2026-03-23 17:08:44, MOVE, v:1, k:fup@calc, mode:PICK
2026-03-23 17:08:45, EXEC, v:1, k:fup@calc, mode:FULL, rate:0, size:25
2026-03-23 17:10:31, MOVE, v:1, k:fup@calc, mode:BACK
2026-03-23 17:10:40, MOVE, v:1, k:fup@ou, mode:PICK
2026-03-23 17:11:01, MOVE, v:1, k:fup@ou, mode:BACK
2026-03-23 17:11:37, MOVE, v:1, k:fup@calc, mode:PICK
2026-03-23 17:12:10, EXEC, v:1, k:fup@calc, mode:FULL, rate:0, size:25
2026-03-23 17:13:03, EXEC, v:1, k:fup@calc, mode:FULL, rate:88, size:25
2026-03-23 17:13:21, EXEC, v:1, k:fup@calc, mode:FULL, rate:88
2026-03-23 17:13:44, EXEC, v:1, k:fup@calc, mode:FULL, rate:88, size:26
2026-03-23 17:16:02, EXEC, v:1, k:fup@calc, mode:FULL, rate:88
2026-03-23 17:18:58, EXEC, v:1, k:fup@calc, mode:FULL, rate:88, size:27
2026-03-23 17:23:40, MOVE, v:1, k:fup@calc, mode:PICK
2026-03-23 17:23:41, EXEC, v:1, k:fup@calc, mode:FULL, rate:88, size:27
2026-03-23 17:24:43, MOVE, v:1, k:fup@calc, mode:PICK
2026-03-23 17:24:44, EXEC, v:1, k:fup@calc, mode:FULL, rate:88
2026-03-23 17:26:58, MOVE, v:1, k:fup@calc, mode:BACK
2026-03-23 17:27:08, MOVE, v:1, k:fup@guarda, mode:DOWN
2026-03-23 17:27:14, MOVE, v:1, k:fup@guarda, mode:PICK
2026-03-23 17:27:15, EXEC, v:1, k:fup@guarda, mode:FULL, rate:0, size:5
2026-03-23 17:27:37, MOVE, v:1, k:fup@guarda, mode:BACK
2026-03-23 17:27:39, MOVE, v:1, k:fup@calc, mode:PICK
2026-03-23 17:27:48, EXEC, v:1, k:fup@calc, mode:FULL, rate:88
2026-03-23 17:29:43, EXEC, v:1, k:fup@calc, mode:FULL, rate:100, size:30
2026-03-23 17:30:06, MOVE, v:1, k:fup@calc, mode:BACK
2026-03-23 17:30:38, SELF, v:1, k:fup@calc, self:1, rate:100, study:90, friend:Denilson
2026-03-23 17:30:52, MOVE, v:1, k:fup@guarda, mode:PICK
2026-03-23 17:30:56, EXEC, v:1, k:fup@guarda, mode:FULL, rate:0, size:6
2026-03-23 17:35:39, EXEC, v:1, k:fup@guarda, mode:FULL, rate:57, size:20
2026-03-23 17:35:47, EXEC, v:1, k:fup@guarda, mode:FULL, rate:85, size:20
2026-03-23 17:36:04, EXEC, v:1, k:fup@guarda, mode:FULL, rate:100, size:20
2026-03-23 17:36:10, MOVE, v:1, k:fup@guarda, mode:BACK
2026-03-23 17:36:18, SELF, v:1, k:fup@guarda, self:1, rate:100, study:5
2026-03-23 17:36:26, MOVE, v:1, k:fup@quantos, mode:DOWN
2026-03-23 17:36:33, MOVE, v:1, k:fup@quantos, mode:PICK
2026-03-23 17:36:34, EXEC, v:1, k:fup@quantos, mode:FULL, rate:0, size:5
2026-03-23 17:51:10, EXEC, v:1, k:fup@quantos, mode:FULL, size:12, fail:COMP
2026-03-23 17:51:10, EXEC, v:1, k:fup@quantos, mode:FULL, size:12, fail:COMP
2026-03-23 18:03:18, EXEC, v:1, k:fup@quantos, mode:FULL, rate:62, size:18
2026-03-23 18:03:50, MOVE, v:1, k:fup@quantos, mode:BACK
2026-03-23 18:03:54, MOVE, v:1, k:fup@guarda, mode:PICK
2026-03-23 18:03:55, EXEC, v:1, k:fup@guarda, mode:FULL, rate:100
2026-03-23 18:04:13, MOVE, v:1, k:fup@guarda, mode:BACK
2026-03-23 18:04:19, MOVE, v:1, k:fup@calc, mode:PICK
2026-03-23 18:04:22, EXEC, v:1, k:fup@calc, mode:FULL, rate:100, size:27
2026-03-23 18:07:06, MOVE, v:1, k:fup@calc, mode:BACK
2026-03-23 18:07:08, MOVE, v:1, k:fup@quantos, mode:PICK
2026-03-23 18:07:10, EXEC, v:1, k:fup@quantos, mode:FULL, rate:100, size:18
2026-03-23 18:07:13, MOVE, v:1, k:fup@quantos, mode:BACK
2026-03-23 18:07:49, SELF, v:1, k:fup@quantos, self:1, rate:100, study:20, friend:amigo, kauan
2026-03-23 18:08:59, MOVE, v:1, k:fup@impar, mode:DOWN
2026-03-23 18:09:00, MOVE, v:1, k:fup@impar, mode:PICK
2026-03-23 18:09:03, EXEC, v:1, k:fup@impar, mode:FULL, rate:0, size:5
2026-03-23 18:18:31, EXEC, v:1, k:fup@impar, mode:FULL, rate:78, size:18
2026-03-23 18:23:34, EXEC, v:1, k:fup@impar, mode:FULL, rate:71, size:22
2026-03-23 18:26:48, EXEC, v:1, k:fup@impar, mode:FULL, rate:100, size:26
2026-03-23 18:26:53, MOVE, v:1, k:fup@impar, mode:BACK
2026-03-23 18:27:39, SELF, v:1, k:fup@impar, self:1, rate:100, study:15, friend:David Sena
