2026-04-15 15:22:53, MOVE, v:1, k:fup@fatores, mode:PICK
2026-04-15 15:22:54, EXEC, v:1, k:fup@fatores, mode:FULL, rate:0, size:5
2026-04-15 15:22:57, MOVE, v:1, k:fup@fatores, mode:BACK
2026-04-15 15:22:59, MOVE, v:1, k:fup@fatores, mode:PICK
2026-04-15 15:23:00, EXEC, v:1, k:fup@fatores, mode:FULL, rate:0
2026-04-15 15:23:00, MOVE, v:1, k:fup@fatores, mode:EDIT
2026-04-15 15:28:53, MOVE, v:1, k:fup@fatores, mode:EDIT
2026-04-15 15:31:45, MOVE, v:1, k:fup@fatores, mode:EDIT
2026-04-15 15:37:43, MOVE, v:1, k:fup@fatores, mode:EDIT
2026-04-15 15:42:15, MOVE, v:1, k:fup@fatores, mode:EDIT
2026-04-15 15:46:32, EXEC, v:1, k:fup@fatores, mode:FULL, rate:0, size:17
2026-04-15 15:46:30, MOVE, v:1, k:fup@fatores, mode:EDIT
2026-04-15 15:47:43, MOVE, v:1, k:fup@fatores, mode:EDIT
2026-04-15 15:48:03, EXEC, v:1, k:fup@fatores, mode:FULL, rate:0, size:19
2026-04-15 15:50:01, EXEC, v:1, k:fup@fatores, mode:FULL, rate:0, size:21
2026-04-15 15:52:22, MOVE, v:1, k:fup@fatores, mode:EDIT
2026-04-15 15:50:01, MOVE, v:1, k:fup@fatores, mode:EDIT
2026-04-15 15:57:44, MOVE, v:1, k:fup@fatores, mode:EDIT
2026-04-15 15:58:08, EXEC, v:1, k:fup@fatores, mode:FULL, rate:60, size:27
2026-04-15 16:00:20, MOVE, v:1, k:fup@fatores, mode:EDIT
2026-04-15 15:58:08, MOVE, v:1, k:fup@fatores, mode:EDIT
2026-04-15 16:03:43, EXEC, v:1, k:fup@fatores, mode:FULL, rate:0, size:29
2026-04-15 16:04:01, EXEC, v:1, k:fup@fatores, mode:FULL, rate:60, size:27
2026-04-15 16:05:48, EXEC, v:1, k:fup@fatores, mode:FULL, rate:0, size:27
2026-04-15 16:06:22, EXEC, v:1, k:fup@fatores, mode:FULL, rate:60, size:27
2026-04-15 16:07:00, EXEC, v:1, k:fup@fatores, mode:FULL, rate:40, size:27
2026-04-15 16:07:10, EXEC, v:1, k:fup@fatores, mode:FULL, rate:60, size:27
2026-04-15 16:07:09, MOVE, v:1, k:fup@fatores, mode:EDIT
2026-04-15 16:07:10, MOVE, v:1, k:fup@fatores, mode:EDIT
2026-04-15 16:08:17, EXEC, v:1, k:fup@fatores, mode:FULL, rate:0, size:29
2026-04-15 16:09:05, EXEC, v:1, k:fup@fatores, mode:FULL, rate:0, size:29
2026-04-15 16:10:10, EXEC, v:1, k:fup@fatores, mode:FULL, rate:80, size:30
2026-04-15 16:10:09, MOVE, v:1, k:fup@fatores, mode:EDIT
2026-04-15 16:10:10, MOVE, v:1, k:fup@fatores, mode:EDIT
2026-04-15 16:15:19, EXEC, v:1, k:fup@fatores, mode:FULL, rate:100, size:31
2026-04-15 16:15:26, MOVE, v:1, k:fup@fatores, mode:BACK
2026-04-15 16:15:35, SELF, v:1, k:fup@fatores, self:1, rate:100
2026-04-15 16:15:35, MOVE, v:1, k:fup@fatores, mode:PICK
2026-04-15 16:15:37, EXEC, v:1, k:fup@fatores, mode:FULL, rate:100
2026-04-15 16:15:38, MOVE, v:1, k:fup@fatores, mode:BACK
2026-04-15 16:15:55, SELF, v:1, k:fup@fatores, self:1, rate:100
2026-04-15 16:16:06, SELF, v:1, k:fup@fatores, self:1, rate:100
2026-04-15 16:16:11, MOVE, v:1, k:fup@sapinho, mode:PICK
2026-04-15 16:16:13, EXEC, v:1, k:fup@sapinho, mode:FULL, rate:100
2026-04-15 16:16:14, MOVE, v:1, k:fup@sapinho, mode:BACK
2026-04-15 16:16:18, MOVE, v:1, k:fup@lotado, mode:PICK
2026-04-15 16:16:20, EXEC, v:1, k:fup@lotado, mode:FULL, rate:100
2026-04-15 16:16:21, MOVE, v:1, k:fup@lotado, mode:BACK
2026-04-15 16:16:24, MOVE, v:1, k:fup@fuga, mode:PICK
2026-04-15 16:16:25, EXEC, v:1, k:fup@fuga, mode:FULL, rate:100
2026-04-15 16:16:26, MOVE, v:1, k:fup@fuga, mode:BACK
2026-04-15 16:16:41, MOVE, v:1, k:fup@colorido, mode:PICK
2026-04-15 16:16:43, EXEC, v:1, k:fup@colorido, mode:FULL, rate:100
2026-04-15 16:16:43, MOVE, v:1, k:fup@colorido, mode:BACK
2026-04-15 16:16:49, MOVE, v:1, k:fup@zigzag, mode:PICK
2026-04-15 16:16:51, EXEC, v:1, k:fup@zigzag, mode:FULL, rate:100
2026-04-15 16:16:52, MOVE, v:1, k:fup@zigzag, mode:BACK
2026-04-15 16:15:18, MOVE, v:1, k:fup@fatores, mode:EDIT
2026-04-15 16:15:37, MOVE, v:1, k:fup@fatores, mode:EDIT
2026-04-15 16:16:13, MOVE, v:1, k:fup@sapinho, mode:EDIT
2026-04-15 16:16:20, MOVE, v:1, k:fup@lotado, mode:EDIT
2026-04-15 16:16:25, MOVE, v:1, k:fup@fuga, mode:EDIT
2026-04-15 16:16:43, MOVE, v:1, k:fup@colorido, mode:EDIT
2026-04-15 16:16:51, MOVE, v:1, k:fup@zigzag, mode:EDIT
2026-04-15 16:19:15, MOVE, v:1, k:sandbox@user_002, mode:PICK
2026-04-15 16:19:21, EXEC, v:1, k:sandbox@user_002, mode:LOCK, rate:0, size:5
2026-04-15 16:19:48, EXEC, v:1, k:sandbox@user_002, mode:LOCK, rate:0, size:5
2026-04-15 16:19:13, MOVE, v:1, k:sandbox@user_002, mode:EDIT
2026-04-15 16:19:48, MOVE, v:1, k:sandbox@user_002, mode:EDIT
2026-04-15 16:19:34, MOVE, v:1, k:sandbox@user_002, mode:EDIT
