2026-06-01 16:46:03, MOVE, v:1, k:fup@baruel, mode:PICK
2026-06-01 16:46:06, EXEC, v:1, k:fup@baruel, mode:FULL, size:30, fail:COMP
2026-06-01 16:46:22, EXEC, v:1, k:fup@baruel, mode:FULL, rate:100, size:66
2026-06-01 16:46:24, MOVE, v:1, k:fup@baruel, mode:BACK
2026-06-01 16:46:31, SELF, v:1, k:fup@baruel, self:1, rate:100, friend:betina
2026-06-01 16:46:12, MOVE, v:1, k:fup@baruel, mode:EDIT
2026-06-01 16:46:22, MOVE, v:1, k:fup@baruel, mode:EDIT
2026-06-01 16:48:56, MOVE, v:1, k:fup@tazos, mode:PICK
2026-06-01 16:49:05, EXEC, v:1, k:fup@tazos, mode:FULL, rate:100, size:79
2026-06-01 16:49:06, MOVE, v:1, k:fup@tazos, mode:BACK
2026-06-01 16:49:10, SELF, v:1, k:fup@tazos, self:1, rate:100
2026-06-01 16:50:25, MOVE, v:1, k:fup@maximo, mode:DOWN
2026-06-01 16:50:26, MOVE, v:1, k:fup@maximo, mode:PICK
2026-06-01 16:50:28, EXEC, v:1, k:fup@maximo, mode:FULL, rate:0, size:5
2026-06-01 16:50:41, EXEC, v:1, k:fup@maximo, mode:FULL, rate:100, size:12
2026-06-01 16:50:42, MOVE, v:1, k:fup@maximo, mode:BACK
2026-06-01 16:52:30, MOVE, v:1, k:fup@invertendo, mode:PICK
2026-06-01 16:53:00, MOVE, v:1, k:fup@invertendo, mode:BACK
2026-06-01 16:53:02, MOVE, v:1, k:fup@fila, mode:PICK
2026-06-01 16:49:04, MOVE, v:1, k:fup@tazos, mode:EDIT
2026-06-01 16:49:05, MOVE, v:1, k:fup@tazos, mode:EDIT
2026-06-01 16:50:25, MOVE, v:1, k:fup@maximo, mode:EDIT
2026-06-01 16:50:25, MOVE, v:1, k:fup@maximo, mode:EDIT
2026-06-01 16:50:37, MOVE, v:1, k:fup@maximo, mode:EDIT
2026-06-01 16:50:41, MOVE, v:1, k:fup@maximo, mode:EDIT
2026-06-01 16:54:28, EXEC, v:1, k:fup@fila, mode:FULL, rate:100
2026-06-01 16:54:33, MOVE, v:1, k:fup@fila, mode:BACK
2026-06-01 16:54:35, MOVE, v:1, k:fup@troco, mode:PICK
2026-06-01 16:54:36, EXEC, v:1, k:fup@troco, mode:FULL, rate:0
2026-06-01 16:55:36, MOVE, v:1, k:fup@troco, mode:BACK
2026-06-01 16:55:39, MOVE, v:1, k:fup@invertendo, mode:PICK
2026-06-01 16:56:11, MOVE, v:1, k:fup@invertendo, mode:BACK
2026-06-01 16:56:14, MOVE, v:1, k:fup@troco, mode:PICK
2026-06-01 16:58:03, MOVE, v:1, k:fup@troco, mode:PICK
2026-06-01 16:58:04, EXEC, v:1, k:fup@troco, mode:FULL, rate:0
2026-06-01 16:58:04, MOVE, v:1, k:fup@troco, mode:EDIT
2026-06-01 17:02:50, MOVE, v:1, k:fup@troco, mode:EDIT
2026-06-01 17:07:58, MOVE, v:1, k:fup@troco, mode:EDIT
2026-06-01 17:17:34, MOVE, v:1, k:fup@troco, mode:EDIT
2026-06-01 17:19:47, MOVE, v:1, k:fup@troco, mode:BACK
2026-06-01 17:19:53, MOVE, v:1, k:fup@troco, mode:PICK
2026-06-01 17:19:56, EXEC, v:1, k:fup@troco, mode:FULL, size:13, fail:COMP
2026-06-01 17:22:21, MOVE, v:1, k:fup@troco, mode:EDIT
2026-06-01 17:26:22, MOVE, v:1, k:fup@troco, mode:BACK
2026-06-01 17:26:34, MOVE, v:1, k:fup@exemplares, mode:DOWN
2026-06-01 17:26:35, MOVE, v:1, k:fup@exemplares, mode:PICK
2026-06-01 17:26:37, EXEC, v:1, k:fup@exemplares, mode:FULL, rate:0, size:5
2026-06-01 17:27:23, MOVE, v:1, k:fup@exemplares, mode:BACK
2026-06-01 17:27:31, MOVE, v:1, k:fup@repetidos, mode:PICK
2026-06-01 17:27:56, EXEC, v:1, k:fup@repetidos, mode:FULL, rate:100
2026-06-01 17:25:38, MOVE, v:1, k:fup@troco, mode:EDIT
2026-06-01 17:26:34, MOVE, v:1, k:fup@exemplares, mode:EDIT
2026-06-01 17:26:34, MOVE, v:1, k:fup@exemplares, mode:EDIT
2026-06-01 17:26:34, MOVE, v:1, k:fup@exemplares, mode:EDIT
2026-06-01 17:26:37, MOVE, v:1, k:fup@exemplares, mode:EDIT
2026-06-01 17:27:56, MOVE, v:1, k:fup@repetidos, mode:EDIT
2026-06-01 17:28:05, MOVE, v:1, k:fup@repetidos, mode:BACK
2026-06-01 17:28:10, MOVE, v:1, k:fup@baruel, mode:PICK
2026-06-01 17:28:11, EXEC, v:1, k:fup@baruel, mode:FULL, rate:100
2026-06-01 17:29:31, MOVE, v:1, k:fup@baruel, mode:BACK
2026-06-01 17:29:35, MOVE, v:1, k:fup@exemplares, mode:PICK
2026-06-01 17:29:38, EXEC, v:1, k:fup@exemplares, mode:FULL, rate:0
2026-06-01 17:28:11, MOVE, v:1, k:fup@baruel, mode:EDIT
2026-06-01 17:29:38, MOVE, v:1, k:fup@exemplares, mode:EDIT
2026-06-01 17:33:00, MOVE, v:1, k:fup@exemplares, mode:EDIT
2026-06-01 17:37:02, EXEC, v:1, k:fup@exemplares, mode:FULL, rate:0, size:43
2026-06-01 17:37:10, EXEC, v:1, k:fup@exemplares, mode:FULL, rate:0, size:43
2026-06-01 17:37:39, EXEC, v:1, k:fup@exemplares, mode:FULL, rate:0, size:44
2026-06-01 17:38:00, MOVE, v:1, k:fup@exemplares, mode:EDIT
2026-06-01 17:37:39, MOVE, v:1, k:fup@exemplares, mode:EDIT
2026-06-01 17:38:58, EXEC, v:1, k:fup@exemplares, mode:FULL, rate:0, size:46
2026-06-01 17:39:23, EXEC, v:1, k:fup@exemplares, mode:FULL, rate:0, size:43
2026-06-01 17:41:41, EXEC, v:1, k:fup@exemplares, mode:FULL, rate:0, size:46
2026-06-01 17:41:55, EXEC, v:1, k:fup@exemplares, mode:FULL, rate:0, size:47
2026-06-01 17:42:21, EXEC, v:1, k:fup@exemplares, mode:FULL, rate:0, size:49
2026-06-01 17:42:48, EXEC, v:1, k:fup@exemplares, mode:FULL, rate:16, size:49
2026-06-01 17:42:47, MOVE, v:1, k:fup@exemplares, mode:EDIT
2026-06-01 17:42:48, MOVE, v:1, k:fup@exemplares, mode:EDIT
2026-06-01 17:43:48, EXEC, v:1, k:fup@exemplares, mode:FULL, rate:33, size:49
2026-06-01 17:45:25, EXEC, v:1, k:fup@exemplares, mode:FULL, rate:100, size:51
2026-06-01 17:45:27, MOVE, v:1, k:fup@exemplares, mode:BACK
2026-06-01 17:45:35, SELF, v:1, k:fup@exemplares, self:1, rate:100
2026-06-01 17:46:25, MOVE, v:1, k:fup@parkour, mode:DOWN
2026-06-01 17:45:24, MOVE, v:1, k:fup@exemplares, mode:EDIT
2026-06-01 17:45:25, MOVE, v:1, k:fup@exemplares, mode:EDIT
2026-06-01 17:46:25, MOVE, v:1, k:fup@parkour, mode:EDIT
2026-06-01 17:46:25, MOVE, v:1, k:fup@parkour, mode:EDIT
2026-06-01 17:46:25, MOVE, v:1, k:fup@parkour, mode:EDIT
2026-06-01 17:48:28, MOVE, v:1, k:fup@parkour, mode:PICK
2026-06-01 17:48:38, EXEC, v:1, k:fup@parkour, mode:FULL, rate:0, size:5
2026-06-01 17:48:38, MOVE, v:1, k:fup@parkour, mode:EDIT
2026-06-01 17:57:12, MOVE, v:1, k:fup@parkour, mode:EDIT
2026-06-01 18:02:55, MOVE, v:1, k:fup@parkour, mode:EDIT
2026-06-01 18:07:52, MOVE, v:1, k:fup@parkour, mode:EDIT
2026-06-01 18:09:14, EXEC, v:1, k:fup@parkour, mode:FULL, rate:0, size:26
2026-06-01 18:10:02, EXEC, v:1, k:fup@parkour, mode:FULL, rate:0, size:30
2026-06-01 18:10:37, EXEC, v:1, k:fup@parkour, mode:FULL, size:32, fail:COMP
2026-06-01 18:10:47, EXEC, v:1, k:fup@parkour, mode:FULL, rate:0, size:32
2026-06-01 18:11:30, EXEC, v:1, k:fup@parkour, mode:FULL, rate:25, size:32
2026-06-01 18:13:01, MOVE, v:1, k:fup@parkour, mode:EDIT
2026-06-01 18:11:30, MOVE, v:1, k:fup@parkour, mode:EDIT
2026-06-01 18:13:03, EXEC, v:1, k:fup@parkour, mode:FULL, rate:50, size:32
2026-06-01 18:13:06, MOVE, v:1, k:fup@parkour, mode:BACK
2026-06-01 18:13:07, MOVE, v:1, k:fup@parkour, mode:PICK
2026-06-01 18:13:09, EXEC, v:1, k:fup@parkour, mode:FULL, rate:50
2026-06-01 18:13:22, MOVE, v:1, k:fup@parkour, mode:BACK
2026-06-01 18:13:37, MOVE, v:1, k:fup@poco, mode:DOWN
2026-06-01 18:13:38, MOVE, v:1, k:fup@poco, mode:PICK
2026-06-01 18:14:04, EXEC, v:1, k:fup@poco, mode:FULL, rate:0, size:5
2026-06-01 18:14:11, EXEC, v:1, k:fup@poco, mode:FULL, rate:100, size:35
2026-06-01 18:14:15, MOVE, v:1, k:fup@poco, mode:BACK
2026-06-01 18:14:24, SELF, v:1, k:fup@poco, self:1, rate:100
2026-06-01 18:14:42, MOVE, v:1, k:fup@parkour, mode:PICK
2026-06-01 18:14:54, EXEC, v:1, k:fup@parkour, mode:FULL, rate:25, size:32
2026-06-01 18:15:25, EXEC, v:1, k:fup@parkour, mode:FULL, rate:25, size:34
2026-06-01 18:17:10, EXEC, v:1, k:fup@parkour, mode:FULL, rate:100, size:34
2026-06-01 18:17:12, MOVE, v:1, k:fup@parkour, mode:BACK
2026-06-01 18:17:17, SELF, v:1, k:fup@parkour, self:1, rate:100
2026-06-01 18:17:10, MOVE, v:1, k:fup@parkour, mode:EDIT
2026-06-01 18:17:10, MOVE, v:1, k:fup@parkour, mode:EDIT
2026-06-01 18:13:37, MOVE, v:1, k:fup@poco, mode:EDIT
2026-06-01 18:13:37, MOVE, v:1, k:fup@poco, mode:EDIT
2026-06-01 18:14:09, MOVE, v:1, k:fup@poco, mode:EDIT
2026-06-01 18:14:11, MOVE, v:1, k:fup@poco, mode:EDIT
2026-06-01 18:20:55, MOVE, v:1, k:fup@multi_mmc, mode:DOWN
2026-06-01 18:20:56, MOVE, v:1, k:fup@multi_mmc, mode:PICK
2026-06-01 18:22:35, MOVE, v:1, k:fup@casais, mode:DOWN
2026-06-01 18:22:36, MOVE, v:1, k:fup@casais, mode:PICK
2026-06-01 18:25:47, EXEC, v:1, k:fup@casais, mode:FULL, rate:100, size:27
2026-06-01 18:25:48, MOVE, v:1, k:fup@casais, mode:BACK
2026-06-01 18:25:51, SELF, v:1, k:fup@casais, self:1, rate:100
2026-06-01 18:22:35, MOVE, v:1, k:fup@casais, mode:EDIT
2026-06-01 18:22:35, MOVE, v:1, k:fup@casais, mode:EDIT
2026-06-01 18:25:44, MOVE, v:1, k:fup@casais, mode:EDIT
2026-06-01 18:25:47, MOVE, v:1, k:fup@casais, mode:EDIT
