2026-04-07 15:31:20, MOVE, v:1, k:fup@filhos, mode:PICK
2026-04-07 15:31:25, MOVE, v:1, k:fup@filhos, mode:BACK
2026-04-07 15:31:32, MOVE, v:1, k:fup@filhos, mode:PICK
2026-04-07 15:31:39, EXEC, v:1, k:fup@filhos, mode:FULL, size:9, fail:COMP
2026-04-07 15:38:53, EXEC, v:1, k:fup@filhos, mode:FULL, rate:0, size:14
2026-04-07 15:40:35, EXEC, v:1, k:fup@filhos, mode:FULL, rate:0, size:15
2026-04-07 15:42:00, EXEC, v:1, k:fup@filhos, mode:FULL, rate:0, size:16
2026-04-07 15:42:30, EXEC, v:1, k:fup@filhos, mode:FULL, size:16, fail:COMP
2026-04-07 15:42:49, EXEC, v:1, k:fup@filhos, mode:FULL, rate:100, size:15
2026-04-07 15:42:58, MOVE, v:1, k:fup@filhos, mode:BACK
2026-04-07 15:43:04, SELF, v:1, k:fup@filhos, self:1, rate:100
2026-04-07 15:43:07, MOVE, v:1, k:fup@ceu, mode:DOWN
2026-04-07 15:43:11, MOVE, v:1, k:fup@ceu, mode:PICK
2026-04-07 15:46:13, EXEC, v:1, k:fup@ceu, mode:FULL, rate:0, size:5
2026-04-07 15:58:44, EXEC, v:1, k:fup@ceu, mode:FULL, rate:0, size:13
2026-04-07 15:59:21, EXEC, v:1, k:fup@ceu, mode:FULL, rate:0, size:13
2026-04-07 15:59:27, EXEC, v:1, k:fup@ceu, mode:FULL, rate:0
2026-04-07 16:00:12, EXEC, v:1, k:fup@ceu, mode:FULL, rate:0, size:13
2026-04-07 16:01:02, EXEC, v:1, k:fup@ceu, mode:FULL, rate:0, size:16
2026-04-07 16:01:17, EXEC, v:1, k:fup@ceu, mode:FULL, rate:0, size:16
2026-04-07 16:05:10, EXEC, v:1, k:fup@ceu, mode:FULL, rate:0, size:17
2026-04-07 16:05:21, EXEC, v:1, k:fup@ceu, mode:FULL, rate:0
2026-04-07 16:05:52, EXEC, v:1, k:fup@ceu, mode:FULL, rate:0, size:15
2026-04-07 16:06:22, EXEC, v:1, k:fup@ceu, mode:FULL, rate:0, size:15
2026-04-07 16:06:44, EXEC, v:1, k:fup@ceu, mode:FULL, rate:0, size:15
2026-04-07 16:06:51, EXEC, v:1, k:fup@ceu, mode:FULL, rate:80, size:15
2026-04-07 16:08:11, EXEC, v:1, k:fup@ceu, mode:FULL, rate:20, size:19
2026-04-07 16:09:03, EXEC, v:1, k:fup@ceu, mode:FULL, rate:20, size:18
2026-04-07 16:09:29, EXEC, v:1, k:fup@ceu, mode:FULL, rate:100, size:18
2026-04-07 16:11:28, EXEC, v:1, k:fup@ceu, mode:FULL, rate:100, size:20
2026-04-07 16:11:28, MOVE, v:1, k:fup@ceu, mode:BACK
2026-04-07 16:11:32, SELF, v:1, k:fup@ceu, self:1, rate:100
2026-04-07 16:11:53, MOVE, v:1, k:fup@esconde, mode:DOWN
2026-04-07 16:11:58, MOVE, v:1, k:fup@esconde, mode:PICK
2026-04-07 16:13:12, EXEC, v:1, k:fup@esconde, mode:FULL, rate:0, size:5
2026-04-07 16:46:00, MOVE, v:1, k:fup@esconde, mode:PICK
2026-04-07 16:46:01, EXEC, v:1, k:fup@esconde, mode:FULL, size:24, fail:COMP
2026-04-07 16:48:37, EXEC, v:1, k:fup@esconde, mode:FULL, rate:0, size:23
2026-04-07 16:48:48, EXEC, v:1, k:fup@esconde, mode:FULL, rate:0, size:22
2026-04-07 16:49:21, EXEC, v:1, k:fup@esconde, mode:FULL, rate:100, size:22
2026-04-07 16:49:24, MOVE, v:1, k:fup@esconde, mode:BACK
2026-04-07 16:49:27, SELF, v:1, k:fup@esconde, self:1, rate:100
2026-04-07 16:49:28, MOVE, v:1, k:fup@esconde, mode:PICK
2026-04-07 16:49:29, MOVE, v:1, k:fup@esconde, mode:BACK
2026-04-07 16:57:00, MOVE, v:1, k:fup@ceu, mode:PICK
2026-04-07 16:58:20, MOVE, v:1, k:fup@ceu, mode:BACK
2026-04-07 16:58:28, MOVE, v:1, k:fup@sapatos, mode:PICK
2026-04-07 17:06:34, MOVE, v:1, k:fup@sapatos, mode:BACK
2026-04-07 17:06:38, MOVE, v:1, k:fup@ceu, mode:PICK
2026-04-07 17:07:17, EXEC, v:1, k:fup@ceu, mode:FULL, rate:100, size:24
2026-04-07 17:08:36, MOVE, v:1, k:fup@ceu, mode:BACK
2026-04-07 17:13:47, MOVE, v:1, k:fup@pares, mode:PICK
2026-04-07 17:20:48, MOVE, v:1, k:fup@pares, mode:BACK
2026-04-07 17:38:52, MOVE, v:1, k:fup@zigzag, mode:DOWN
2026-04-07 17:38:54, MOVE, v:1, k:fup@zigzag, mode:PICK
2026-04-07 17:38:52, MOVE, v:1, k:fup@zigzag, mode:EDIT
2026-04-07 17:38:52, MOVE, v:1, k:fup@zigzag, mode:EDIT
2026-04-07 17:47:56, EXEC, v:1, k:fup@zigzag, mode:FULL, rate:0, size:5
2026-04-07 17:47:56, MOVE, v:1, k:fup@zigzag, mode:EDIT
2026-04-07 17:49:22, MOVE, v:1, k:fup@zigzag, mode:EDIT
2026-04-07 17:54:01, EXEC, v:1, k:fup@zigzag, mode:FULL, rate:0, size:18
2026-04-07 17:54:23, MOVE, v:1, k:fup@zigzag, mode:EDIT
2026-04-07 17:54:01, MOVE, v:1, k:fup@zigzag, mode:EDIT
2026-04-07 17:54:31, EXEC, v:1, k:fup@zigzag, mode:FULL, rate:0, size:22
2026-04-07 17:54:55, EXEC, v:1, k:fup@zigzag, mode:FULL, rate:100, size:18
2026-04-07 17:54:56, MOVE, v:1, k:fup@zigzag, mode:BACK
2026-04-07 17:55:00, SELF, v:1, k:fup@zigzag, self:1, rate:100
2026-04-07 17:55:10, MOVE, v:1, k:fup@colorido, mode:DOWN
2026-04-07 17:55:15, MOVE, v:1, k:fup@colorido, mode:PICK
2026-04-07 17:56:53, MOVE, v:1, k:fup@colorido, mode:BACK
2026-04-07 17:57:02, MOVE, v:1, k:fup@ceu, mode:PICK
2026-04-07 17:57:09, MOVE, v:1, k:fup@ceu, mode:BACK
2026-04-07 17:57:12, MOVE, v:1, k:fup@zigzag, mode:PICK
2026-04-07 17:54:54, MOVE, v:1, k:fup@zigzag, mode:EDIT
2026-04-07 17:54:55, MOVE, v:1, k:fup@zigzag, mode:EDIT
2026-04-07 17:55:10, MOVE, v:1, k:fup@colorido, mode:EDIT
2026-04-07 17:59:17, MOVE, v:1, k:fup@colorido, mode:EDIT
2026-04-07 18:04:23, MOVE, v:1, k:fup@colorido, mode:EDIT
2026-04-07 18:09:20, MOVE, v:1, k:fup@colorido, mode:EDIT
2026-04-07 18:14:03, MOVE, v:1, k:fup@colorido, mode:EDIT
2026-04-07 18:19:19, MOVE, v:1, k:fup@colorido, mode:EDIT
2026-04-07 18:21:08, EXEC, v:1, k:fup@zigzag, mode:FULL, rate:100
2026-04-07 18:22:00, MOVE, v:1, k:fup@zigzag, mode:BACK
2026-04-07 18:22:23, SELF, v:1, k:fup@colorido, self:1
2026-04-07 18:21:06, MOVE, v:1, k:fup@colorido, mode:EDIT
2026-04-07 18:21:08, MOVE, v:1, k:fup@zigzag, mode:EDIT
