2026-04-09 15:12:35, MOVE, v:1, k:fup@concentra, mode:DOWN
2026-04-09 15:12:44, MOVE, v:1, k:fup@concentra, mode:PICK
2026-04-09 15:12:50, EXEC, v:1, k:fup@concentra, mode:FULL, rate:0, size:5
2026-04-09 15:12:35, MOVE, v:1, k:fup@concentra, mode:EDIT
2026-04-09 15:12:35, MOVE, v:1, k:fup@concentra, mode:EDIT
2026-04-09 15:17:21, MOVE, v:1, k:fup@concentra, mode:EDIT
2026-04-09 15:12:50, MOVE, v:1, k:fup@concentra, mode:EDIT
2026-04-09 15:19:09, EXEC, v:1, k:fup@concentra, mode:FULL, rate:0, size:15
2026-04-09 15:20:28, EXEC, v:1, k:fup@concentra, mode:FULL, rate:0, size:17
2026-04-09 15:20:42, EXEC, v:1, k:fup@concentra, mode:FULL, rate:0, size:17
2026-04-09 15:20:50, EXEC, v:1, k:fup@concentra, mode:FULL, rate:100, size:17
2026-04-09 15:20:57, EXEC, v:1, k:fup@concentra, mode:FULL, rate:100, size:19
2026-04-09 15:20:58, MOVE, v:1, k:fup@concentra, mode:BACK
2026-04-09 15:20:55, MOVE, v:1, k:fup@concentra, mode:EDIT
2026-04-09 15:20:57, MOVE, v:1, k:fup@concentra, mode:EDIT
2026-04-09 15:22:41, MOVE, v:1, k:fup@fuga, mode:DOWN
2026-04-09 15:22:48, SELF, v:1, k:fup@concentra, self:1, rate:100
2026-04-09 15:22:48, MOVE, v:1, k:fup@concentra, mode:PICK
2026-04-09 15:22:49, MOVE, v:1, k:fup@concentra, mode:BACK
2026-04-09 15:22:55, MOVE, v:1, k:fup@fuga, mode:PICK
2026-04-09 15:22:56, EXEC, v:1, k:fup@fuga, mode:FULL, rate:0, size:5
2026-04-09 15:22:41, MOVE, v:1, k:fup@fuga, mode:EDIT
2026-04-09 15:22:41, MOVE, v:1, k:fup@fuga, mode:EDIT
2026-04-09 15:22:56, MOVE, v:1, k:fup@fuga, mode:EDIT
2026-04-09 15:26:55, MOVE, v:1, k:fup@fuga, mode:EDIT
2026-04-09 15:32:25, MOVE, v:1, k:fup@fuga, mode:EDIT
2026-04-09 15:33:47, EXEC, v:1, k:fup@fuga, mode:FULL, rate:20, size:22
2026-04-09 15:34:59, EXEC, v:1, k:fup@fuga, mode:FULL, rate:30, size:22
2026-04-09 15:36:51, EXEC, v:1, k:fup@fuga, mode:FULL, rate:70, size:22
2026-04-09 15:36:50, MOVE, v:1, k:fup@fuga, mode:EDIT
2026-04-09 15:36:50, MOVE, v:1, k:fup@fuga, mode:EDIT
2026-04-09 15:38:41, EXEC, v:1, k:fup@fuga, mode:FULL, rate:70, size:22
2026-04-09 15:39:00, EXEC, v:1, k:fup@fuga, mode:FULL, rate:70, size:22
2026-04-09 15:39:16, EXEC, v:1, k:fup@fuga, mode:FULL, rate:90, size:22
2026-04-09 15:39:28, EXEC, v:1, k:fup@fuga, mode:FULL, rate:90, size:22
2026-04-09 15:42:05, MOVE, v:1, k:fup@fuga, mode:EDIT
2026-04-09 15:39:28, MOVE, v:1, k:fup@fuga, mode:EDIT
2026-04-09 15:46:57, MOVE, v:1, k:fup@fuga, mode:EDIT
2026-04-09 15:49:24, EXEC, v:1, k:fup@fuga, mode:FULL, rate:20, size:32
2026-04-09 15:50:57, EXEC, v:1, k:fup@fuga, mode:FULL, rate:0, size:32
2026-04-09 15:51:16, MOVE, v:1, k:fup@fuga, mode:PICK
2026-04-09 15:51:21, EXEC, v:1, k:fup@fuga, mode:FULL, rate:0
2026-04-09 15:54:02, EXEC, v:1, k:fup@fuga, mode:FULL, rate:10, size:22
2026-04-09 15:54:26, EXEC, v:1, k:fup@fuga, mode:FULL, rate:0, size:32
2026-04-09 15:54:26, MOVE, v:1, k:fup@fuga, mode:EDIT
2026-04-09 15:54:52, MOVE, v:1, k:fup@fuga, mode:EDIT
2026-04-09 15:57:14, EXEC, v:1, k:fup@fuga, mode:FULL, rate:0, size:32
2026-04-09 15:59:32, EXEC, v:1, k:fup@fuga, mode:FULL, rate:0, size:32
2026-04-09 16:00:09, EXEC, v:1, k:fup@fuga, mode:FULL, rate:0, size:33
2026-04-09 16:00:59, SELF, v:1, k:fup@concentra, self:1, rate:100
2026-04-09 16:01:03, MOVE, v:1, k:fup@fuga, mode:PICK
2026-04-09 16:01:05, EXEC, v:1, k:fup@fuga, mode:FULL, rate:0, size:32
2026-04-09 16:01:20, EXEC, v:1, k:fup@fuga, mode:FULL, rate:0, size:30
2026-04-09 16:01:42, EXEC, v:1, k:fup@fuga, mode:FULL, rate:0, size:28
2026-04-09 16:01:39, MOVE, v:1, k:fup@fuga, mode:EDIT
2026-04-09 16:01:38, MOVE, v:1, k:fup@fuga, mode:EDIT
