2026-03-10 16:53:44, MOVE, v:1, k:sandbox@user_000, mode:PICK
2026-03-10 16:53:47, EXEC, v:1, k:sandbox@user_000, mode:LOCK, rate:0
2026-03-10 16:55:09, MOVE, v:1, k:sandbox@user_000, mode:BACK
2026-03-10 17:13:15, MOVE, v:1, k:sandbox@cum drop, mode:PICK
2026-03-10 17:13:17, EXEC, v:1, k:sandbox@cum drop, mode:LOCK, rate:0, size:5
2026-03-10 17:13:17, EXEC, v:1, k:sandbox@cum drop, mode:LOCK, rate:0, size:5
2026-03-10 17:16:40, EXEC, v:1, k:sandbox@cum drop, mode:LOCK, rate:0, size:6
2026-03-10 17:19:24, EXEC, v:1, k:sandbox@cum drop, mode:FULL, rate:0
2026-03-10 17:23:21, MOVE, v:1, k:sandbox@cum drop, mode:PICK
2026-03-10 17:23:24, EXEC, v:1, k:sandbox@cum drop, mode:FULL, rate:0
2026-03-10 17:26:39, EXEC, v:1, k:sandbox@cum drop, mode:FULL, rate:0, size:8
2026-03-10 17:40:10, EXEC, v:1, k:sandbox@cum drop, mode:FULL, size:10, fail:COMP
2026-03-10 17:49:20, EXEC, v:1, k:sandbox@cum drop, mode:FULL, rate:0, size:12
2026-03-10 17:50:11, EXEC, v:1, k:sandbox@cum drop, mode:FULL, rate:0, size:13
2026-03-10 17:52:03, EXEC, v:1, k:sandbox@cum drop, mode:FREE
2026-03-10 17:57:30, EXEC, v:1, k:sandbox@cum drop, mode:FULL, rate:0, size:13
2026-03-10 17:57:52, EXEC, v:1, k:sandbox@cum drop, mode:FULL, rate:100, size:11
2026-03-10 17:58:35, MOVE, v:1, k:sandbox@cum drop, mode:BACK
2026-03-10 18:04:49, MOVE, v:1, k:fup@tres, mode:DOWN
2026-03-10 18:04:51, MOVE, v:1, k:fup@tres, mode:PICK
2026-03-10 18:04:54, EXEC, v:1, k:fup@tres, mode:FULL, rate:0, size:5
2026-03-10 18:09:47, EXEC, v:1, k:fup@tres, mode:FULL, rate:100, size:9
2026-03-10 18:10:01, EXEC, v:1, k:fup@tres, mode:FREE, size:11
2026-03-10 18:10:19, EXEC, v:1, k:fup@tres, mode:FULL, rate:100
2026-03-10 18:10:24, MOVE, v:1, k:fup@tres, mode:BACK
2026-03-10 18:10:26, MOVE, v:1, k:fup@tres, mode:PICK
2026-03-10 18:10:27, EXEC, v:1, k:fup@tres, mode:FULL, rate:100
2026-03-10 18:10:50, EXEC, v:1, k:fup@tres, mode:FULL, rate:100
2026-03-10 18:10:58, EXEC, v:1, k:fup@tres, mode:FREE
2026-03-10 18:12:16, MOVE, v:1, k:fup@tres, mode:BACK
2026-03-10 18:12:20, MOVE, v:1, k:fup@resto, mode:DOWN
2026-03-10 18:12:21, MOVE, v:1, k:fup@resto, mode:PICK
2026-03-10 18:12:23, EXEC, v:1, k:fup@resto, mode:FULL, rate:0, size:5
2026-03-10 18:12:30, MOVE, v:1, k:fup@resto, mode:BACK
2026-03-10 18:12:32, MOVE, v:1, k:fup@resto, mode:PICK
2026-03-10 18:12:46, MOVE, v:1, k:fup@resto, mode:BACK
2026-03-10 18:13:06, MOVE, v:1, k:fup@resto, mode:PICK
2026-03-10 18:13:08, EXEC, v:1, k:fup@resto, mode:FULL, rate:0
2026-03-10 18:21:00, EXEC, v:1, k:fup@resto, mode:FULL, rate:0, size:10
2026-03-10 18:25:50, MOVE, v:1, k:fup@resto, mode:BACK
