2026-03-15 00:03:57, MOVE, v:1, k:fup@resto, mode:PICK
2026-03-15 00:03:59, EXEC, v:1, k:fup@resto, mode:FULL, rate:0
2026-03-15 00:11:32, EXEC, v:1, k:fup@resto, mode:FULL, size:11, fail:COMP
2026-03-15 00:11:40, EXEC, v:1, k:fup@resto, mode:FULL, rate:0, size:10
2026-03-15 00:33:07, MOVE, v:1, k:fup@resto, mode:PICK
2026-03-15 00:33:13, MOVE, v:1, k:fup@resto, mode:BACK
2026-03-15 00:33:16, MOVE, v:1, k:fup@tres, mode:PICK
2026-03-15 00:33:19, EXEC, v:1, k:fup@tres, mode:FULL, rate:100
2026-03-15 00:33:31, MOVE, v:1, k:fup@tres, mode:BACK
2026-03-15 00:33:33, MOVE, v:1, k:fup@resto, mode:PICK
2026-03-15 00:33:35, EXEC, v:1, k:fup@resto, mode:FULL, rate:0, size:10
2026-03-15 00:34:33, EXEC, v:1, k:fup@resto, mode:FULL, rate:0, size:10
2026-03-15 00:35:31, EXEC, v:1, k:fup@resto, mode:FREE
2026-03-15 00:35:59, EXEC, v:1, k:fup@resto, mode:FULL, rate:0
2026-03-15 00:36:11, MOVE, v:1, k:fup@resto, mode:BACK
2026-03-15 00:36:14, MOVE, v:1, k:fup@tres, mode:PICK
2026-03-15 00:36:18, EXEC, v:1, k:fup@tres, mode:FULL, rate:100
2026-03-15 00:43:43, MOVE, v:1, k:fup@tres, mode:BACK
2026-03-15 00:43:45, MOVE, v:1, k:fup@resto, mode:PICK
2026-03-15 00:43:47, EXEC, v:1, k:fup@resto, mode:FULL, rate:0
2026-03-15 00:43:57, EXEC, v:1, k:fup@resto, mode:FULL, rate:0
2026-03-15 00:49:12, EXEC, v:1, k:fup@resto, mode:FULL, rate:0
2026-03-15 00:56:19, EXEC, v:1, k:fup@resto, mode:FULL, rate:0, size:12
