2026-05-25 17:02:29, MOVE, v:1, k:fup@revolta, mode:PICK
2026-05-25 17:02:35, MOVE, v:1, k:fup@revolta, mode:BACK
2026-05-25 17:03:46, MOVE, v:1, k:fup@revolta, mode:PICK
2026-05-25 17:03:49, EXEC, v:1, k:fup@revolta, mode:FULL, rate:20
2026-05-25 17:04:17, EXEC, v:1, k:fup@revolta, mode:FULL, rate:100, size:29
2026-05-25 17:04:18, MOVE, v:1, k:fup@revolta, mode:BACK
2026-05-25 17:04:23, SELF, v:1, k:fup@revolta, self:1, rate:100
2026-05-25 17:04:32, MOVE, v:1, k:fup@invertendo, mode:DOWN
2026-05-25 17:04:33, MOVE, v:1, k:fup@invertendo, mode:PICK
2026-05-25 17:04:35, EXEC, v:1, k:fup@invertendo, mode:FULL, rate:0, size:5
2026-05-25 17:04:17, MOVE, v:1, k:fup@revolta, mode:EDIT
2026-05-25 17:04:04, MOVE, v:1, k:fup@revolta, mode:EDIT
2026-05-25 17:04:32, MOVE, v:1, k:fup@invertendo, mode:EDIT
2026-05-25 17:04:32, MOVE, v:1, k:fup@invertendo, mode:EDIT
2026-05-25 17:04:32, MOVE, v:1, k:fup@invertendo, mode:EDIT
2026-05-25 17:04:34, MOVE, v:1, k:fup@invertendo, mode:EDIT
2026-05-25 17:11:01, MOVE, v:1, k:fup@invertendo, mode:EDIT
2026-05-25 17:13:39, EXEC, v:1, k:fup@invertendo, mode:FULL, rate:0, size:17
2026-05-25 17:15:39, EXEC, v:1, k:fup@invertendo, mode:FULL, rate:0, size:21
2026-05-25 17:16:01, MOVE, v:1, k:fup@invertendo, mode:EDIT
2026-05-25 17:15:39, MOVE, v:1, k:fup@invertendo, mode:EDIT
2026-05-25 17:20:33, EXEC, v:1, k:fup@invertendo, mode:FULL, rate:0, size:25
2026-05-25 17:20:41, EXEC, v:1, k:fup@invertendo, mode:FULL, rate:100, size:25
2026-05-25 17:20:40, MOVE, v:1, k:fup@invertendo, mode:EDIT
2026-05-25 17:20:41, MOVE, v:1, k:fup@invertendo, mode:EDIT
2026-05-25 17:21:32, MOVE, v:1, k:fup@invertendo, mode:BACK
2026-05-25 17:21:38, SELF, v:1, k:fup@invertendo, self:1, rate:100
2026-05-25 17:22:05, MOVE, v:1, k:fup@fila, mode:DOWN
2026-05-25 17:22:06, MOVE, v:1, k:fup@fila, mode:PICK
2026-05-25 17:22:05, MOVE, v:1, k:fup@fila, mode:EDIT
2026-05-25 17:22:05, MOVE, v:1, k:fup@fila, mode:EDIT
2026-05-25 17:22:05, MOVE, v:1, k:fup@fila, mode:EDIT
2026-05-25 17:36:35, MOVE, v:1, k:fup@fila, mode:BACK
2026-05-25 17:38:00, MOVE, v:1, k:fup@fila, mode:PICK
2026-05-25 17:38:11, EXEC, v:1, k:fup@fila, mode:FULL, rate:0, size:5
2026-05-25 17:38:11, MOVE, v:1, k:fup@fila, mode:EDIT
2026-05-25 17:40:57, MOVE, v:1, k:fup@fila, mode:EDIT
2026-05-25 17:46:02, MOVE, v:1, k:fup@fila, mode:EDIT
2026-05-25 17:47:39, EXEC, v:1, k:fup@fila, mode:FULL, rate:0, size:23
2026-05-25 17:47:52, EXEC, v:1, k:fup@fila, mode:FULL, rate:0, size:23
2026-05-25 17:49:38, MOVE, v:1, k:fup@fila, mode:EDIT
2026-05-25 17:47:52, MOVE, v:1, k:fup@fila, mode:EDIT
2026-05-25 17:53:00, EXEC, v:1, k:fup@fila, mode:FULL, rate:10, size:37
2026-05-25 17:53:06, EXEC, v:1, k:fup@fila, mode:FULL, rate:10
2026-05-25 17:53:58, EXEC, v:1, k:fup@fila, mode:FULL, rate:20, size:37
2026-05-25 17:54:33, EXEC, v:1, k:fup@fila, mode:FULL, rate:20, size:37
2026-05-25 17:54:45, EXEC, v:1, k:fup@fila, mode:FULL, rate:70, size:37
2026-05-25 17:54:56, EXEC, v:1, k:fup@fila, mode:FULL, rate:100, size:37
2026-05-25 17:54:58, MOVE, v:1, k:fup@fila, mode:BACK
2026-05-25 17:55:14, SELF, v:1, k:fup@fila, self:1, rate:100, friend:Fred
2026-05-25 17:55:17, MOVE, v:1, k:fup@troco, mode:DOWN
2026-05-25 17:55:18, MOVE, v:1, k:fup@troco, mode:PICK
2026-05-25 17:55:18, EXEC, v:1, k:fup@troco, mode:FULL, rate:0, size:5
2026-05-25 17:54:55, MOVE, v:1, k:fup@fila, mode:EDIT
2026-05-25 17:54:56, MOVE, v:1, k:fup@fila, mode:EDIT
2026-05-25 17:55:17, MOVE, v:1, k:fup@troco, mode:EDIT
2026-05-25 17:55:17, MOVE, v:1, k:fup@troco, mode:EDIT
2026-05-25 17:55:17, MOVE, v:1, k:fup@troco, mode:EDIT
2026-05-25 17:55:18, MOVE, v:1, k:fup@troco, mode:EDIT
2026-05-25 18:09:50, MOVE, v:1, k:fup@troco, mode:EDIT
2026-05-25 18:12:40, MOVE, v:1, k:fup@troco, mode:BACK
