2026-06-27 02:52:42, MOVE, v:1, k:fup@xuxa, mode:PICK
2026-06-27 02:52:49, EXEC, v:1, k:fup@xuxa, mode:FULL, rate:0
2026-06-27 02:52:49, MOVE, v:1, k:fup@xuxa, mode:EDIT
2026-06-27 02:57:34, MOVE, v:1, k:fup@xuxa, mode:EDIT
2026-06-27 02:58:54, EXEC, v:1, k:fup@xuxa, mode:FULL, rate:100, size:17
2026-06-27 02:59:06, MOVE, v:1, k:fup@xuxa, mode:BACK
2026-06-27 02:59:21, SELF, v:1, k:fup@xuxa, self:1, rate:100, friend:Betina
2026-06-27 02:59:31, MOVE, v:1, k:fup@inverte, mode:DOWN
2026-06-27 02:59:44, MOVE, v:1, k:fup@inverte, mode:PICK
2026-06-27 02:59:47, EXEC, v:1, k:fup@inverte, mode:FULL, rate:0, size:5
2026-06-27 02:58:44, MOVE, v:1, k:fup@xuxa, mode:EDIT
2026-06-27 02:58:54, MOVE, v:1, k:fup@xuxa, mode:EDIT
2026-06-27 02:59:31, MOVE, v:1, k:fup@inverte, mode:EDIT
2026-06-27 02:59:47, MOVE, v:1, k:fup@inverte, mode:EDIT
2026-06-27 03:02:10, MOVE, v:1, k:fup@inverte, mode:EDIT
2026-06-27 03:12:36, EXEC, v:1, k:fup@inverte, mode:FULL, rate:100, size:15
2026-06-27 03:12:23, MOVE, v:1, k:fup@inverte, mode:EDIT
2026-06-27 03:12:36, MOVE, v:1, k:fup@inverte, mode:EDIT
2026-06-27 03:12:38, MOVE, v:1, k:fup@inverte, mode:BACK
2026-06-27 03:12:49, SELF, v:1, k:fup@inverte, self:1, rate:100, friend:Betins
2026-06-27 03:13:36, MOVE, v:1, k:fup@quebrada, mode:PICK
2026-06-27 03:13:38, EXEC, v:1, k:fup@quebrada, mode:FULL, rate:0, size:5
2026-06-27 03:13:38, MOVE, v:1, k:fup@quebrada, mode:EDIT
2026-06-27 03:26:24, EXEC, v:1, k:fup@quebrada, mode:FULL, rate:0, size:8
2026-06-27 03:26:37, EXEC, v:1, k:fup@quebrada, mode:FULL, rate:0
2026-06-27 03:26:39, EXEC, v:1, k:fup@quebrada, mode:FULL, rate:0
2026-06-27 03:26:39, EXEC, v:1, k:fup@quebrada, mode:FULL, rate:0
2026-06-27 03:26:42, MOVE, v:1, k:fup@quebrada, mode:EDIT
2026-06-27 03:26:39, MOVE, v:1, k:fup@quebrada, mode:EDIT
2026-06-27 03:42:36, MOVE, v:1, k:fup@quebrada, mode:EDIT
2026-06-27 03:43:11, EXEC, v:1, k:fup@quebrada, mode:FULL, rate:0, size:10
2026-06-27 03:43:46, EXEC, v:1, k:fup@quebrada, mode:FULL, size:10, fail:COMP
2026-06-27 03:43:54, EXEC, v:1, k:fup@quebrada, mode:FULL, size:10, fail:COMP
2026-06-27 03:44:08, EXEC, v:1, k:fup@quebrada, mode:FULL, rate:0, size:10
2026-06-27 03:44:18, EXEC, v:1, k:fup@quebrada, mode:FULL, rate:25, size:10
2026-06-27 03:44:17, MOVE, v:1, k:fup@quebrada, mode:EDIT
2026-06-27 03:44:18, MOVE, v:1, k:fup@quebrada, mode:EDIT
2026-06-27 21:54:50, MOVE, v:1, k:fup@quebrada, mode:PICK
2026-06-27 21:54:53, EXEC, v:1, k:fup@quebrada, mode:FULL, rate:100, size:12
2026-06-27 21:54:54, MOVE, v:1, k:fup@quebrada, mode:BACK
2026-06-27 21:55:00, SELF, v:1, k:fup@quebrada, self:1, rate:100
2026-06-27 21:55:17, MOVE, v:1, k:fup@operacoes, mode:PICK
2026-06-27 21:55:18, EXEC, v:1, k:fup@operacoes, mode:FULL, rate:0, size:5
2026-06-27 21:54:47, MOVE, v:1, k:fup@quebrada, mode:EDIT
2026-06-27 21:54:53, MOVE, v:1, k:fup@quebrada, mode:EDIT
2026-06-27 21:55:18, MOVE, v:1, k:fup@operacoes, mode:EDIT
2026-06-27 21:58:09, MOVE, v:1, k:fup@operacoes, mode:EDIT
2026-06-27 22:02:53, EXEC, v:1, k:fup@operacoes, mode:FULL, rate:0, size:12
2026-06-27 22:02:52, MOVE, v:1, k:fup@operacoes, mode:EDIT
2026-06-27 22:02:53, MOVE, v:1, k:fup@operacoes, mode:EDIT
2026-06-27 22:03:30, EXEC, v:1, k:fup@operacoes, mode:FULL, rate:0, size:12
2026-06-27 22:03:42, EXEC, v:1, k:fup@operacoes, mode:FULL, rate:0, size:12
2026-06-27 22:04:57, EXEC, v:1, k:fup@operacoes, mode:FULL, rate:100, size:15
2026-06-27 22:04:59, MOVE, v:1, k:fup@operacoes, mode:BACK
2026-06-27 22:05:07, SELF, v:1, k:fup@operacoes, self:1, rate:100
2026-06-27 22:06:21, MOVE, v:1, k:fup@operacoes, mode:PICK
2026-06-27 22:06:23, MOVE, v:1, k:fup@operacoes, mode:BACK
2026-06-27 22:06:27, SELF, v:1, k:fup@operacoes, self:1, rate:100
2026-06-27 22:06:29, MOVE, v:1, k:fup@operacoes, mode:PICK
2026-06-27 22:06:30, EXEC, v:1, k:fup@operacoes, mode:FULL, rate:100
2026-06-27 22:06:30, MOVE, v:1, k:fup@operacoes, mode:BACK
2026-06-27 22:06:36, MOVE, v:1, k:fup@data, mode:PICK
2026-06-27 22:06:39, EXEC, v:1, k:fup@data, mode:FULL, rate:0, size:5
2026-06-27 22:06:50, EXEC, v:1, k:fup@data, mode:FULL, rate:0
2026-06-27 22:04:56, MOVE, v:1, k:fup@operacoes, mode:EDIT
2026-06-27 22:06:30, MOVE, v:1, k:fup@operacoes, mode:EDIT
2026-06-27 22:06:50, MOVE, v:1, k:fup@data, mode:EDIT
2026-06-27 22:18:18, MOVE, v:1, k:fup@data, mode:EDIT
2026-06-27 22:20:17, EXEC, v:1, k:fup@data, mode:FULL, rate:0, size:8
2026-06-27 22:21:33, EXEC, v:1, k:fup@data, mode:FREE, size:8
2026-06-27 22:21:42, MOVE, v:1, k:fup@data, mode:BACK
2026-06-27 22:21:42, MOVE, v:1, k:fup@data, mode:PICK
2026-06-27 22:21:42, EXEC, v:1, k:fup@data, mode:FULL, rate:0
2026-06-27 22:23:18, MOVE, v:1, k:fup@data, mode:EDIT
2026-06-27 22:21:42, MOVE, v:1, k:fup@data, mode:EDIT
2026-06-27 22:28:18, MOVE, v:1, k:fup@data, mode:EDIT
2026-06-27 22:32:45, MOVE, v:1, k:fup@data, mode:EDIT
2026-06-27 22:34:51, EXEC, v:1, k:fup@data, mode:FULL, rate:33, size:36
2026-06-27 22:36:39, EXEC, v:1, k:fup@data, mode:FULL, rate:50, size:40
2026-06-27 22:37:23, MOVE, v:1, k:fup@data, mode:BACK
2026-06-27 22:37:32, MOVE, v:1, k:fup@opala, mode:PICK
2026-06-27 22:37:34, EXEC, v:1, k:fup@opala, mode:FULL, rate:0, size:5
2026-06-27 22:36:38, MOVE, v:1, k:fup@data, mode:EDIT
2026-06-27 22:36:39, MOVE, v:1, k:fup@data, mode:EDIT
2026-06-27 22:37:34, MOVE, v:1, k:fup@opala, mode:EDIT
2026-06-27 22:48:07, MOVE, v:1, k:fup@opala, mode:EDIT
2026-06-27 22:49:54, EXEC, v:1, k:fup@opala, mode:FULL, rate:0, size:10
2026-06-27 22:50:03, EXEC, v:1, k:fup@opala, mode:FULL, rate:0, size:10
2026-06-27 22:51:32, EXEC, v:1, k:fup@opala, mode:FULL, rate:0, size:12
2026-06-27 22:52:36, EXEC, v:1, k:fup@opala, mode:FULL, size:12, fail:COMP
2026-06-27 22:53:01, EXEC, v:1, k:fup@opala, mode:FULL, rate:0, size:12
2026-06-27 22:53:16, MOVE, v:1, k:fup@opala, mode:BACK
2026-06-27 22:53:01, MOVE, v:1, k:fup@opala, mode:EDIT
2026-06-27 22:53:01, MOVE, v:1, k:fup@opala, mode:EDIT
2026-06-27 22:53:21, MOVE, v:1, k:fup@tv, mode:PICK
2026-06-27 22:53:22, EXEC, v:1, k:fup@tv, mode:FULL, rate:0, size:5
2026-06-27 22:55:45, MOVE, v:1, k:fup@tv, mode:BACK
2026-06-27 22:55:47, MOVE, v:1, k:fup@tv, mode:PICK
2026-06-27 22:55:47, EXEC, v:1, k:fup@tv, mode:FULL, size:5, fail:COMP
2026-06-27 22:53:22, MOVE, v:1, k:fup@tv, mode:EDIT
2026-06-27 22:57:36, MOVE, v:1, k:fup@tv, mode:EDIT
2026-06-27 23:03:20, MOVE, v:1, k:fup@tv, mode:EDIT
2026-06-27 23:03:35, MOVE, v:1, k:fup@tv, mode:EDIT
2026-06-27 23:14:09, EXEC, v:1, k:fup@tv, mode:FULL, rate:0, size:28
2026-06-27 23:17:47, EXEC, v:1, k:fup@tv, mode:FULL, rate:0, size:37
2026-06-27 23:18:20, MOVE, v:1, k:fup@tv, mode:EDIT
2026-06-27 23:17:47, MOVE, v:1, k:fup@tv, mode:EDIT
2026-06-27 23:19:02, EXEC, v:1, k:fup@tv, mode:FULL, rate:0, size:37
2026-06-27 23:20:52, MOVE, v:1, k:fup@tv, mode:EDIT
2026-06-27 23:19:02, MOVE, v:1, k:fup@tv, mode:EDIT
2026-06-27 23:23:44, MOVE, v:1, k:fup@tv, mode:EDIT
2026-06-27 23:28:28, MOVE, v:1, k:fup@tv, mode:EDIT
2026-06-27 23:43:22, MOVE, v:1, k:fup@tv, mode:EDIT
2026-06-27 23:43:51, EXEC, v:1, k:fup@tv, mode:FULL, rate:0, size:47
2026-06-27 23:45:58, MOVE, v:1, k:fup@tv, mode:EDIT
2026-06-27 23:43:51, MOVE, v:1, k:fup@tv, mode:EDIT
2026-06-27 23:51:32, EXEC, v:1, k:fup@tv, mode:FULL, rate:16, size:47
2026-06-27 23:51:32, MOVE, v:1, k:fup@tv, mode:EDIT
