2026-03-16 15:42:35, MOVE, v:1, k:fup@resto, mode:PICK
2026-03-16 15:42:39, EXEC, v:1, k:fup@resto, mode:FULL, rate:0
2026-03-16 15:43:47, EXEC, v:1, k:fup@resto, mode:FULL, rate:100, size:12
2026-03-16 15:44:01, MOVE, v:1, k:fup@resto, mode:BACK
2026-03-16 15:47:40, SELF, v:1, k:fup@resto, self:1, rate:100, study:60, friend:Sim, monitor Mario
2026-03-16 15:47:45, MOVE, v:1, k:fup@media, mode:DOWN
2026-03-16 15:47:47, MOVE, v:1, k:fup@media, mode:PICK
2026-03-16 15:47:48, EXEC, v:1, k:fup@media, mode:FULL, rate:0, size:5
2026-03-16 15:57:01, EXEC, v:1, k:fup@media, mode:FULL, rate:0, size:11
2026-03-16 15:57:29, EXEC, v:1, k:fup@media, mode:FULL, rate:0, size:11
2026-03-16 15:57:47, EXEC, v:1, k:fup@media, mode:FULL, rate:100, size:11
2026-03-16 15:57:52, MOVE, v:1, k:fup@media, mode:BACK
2026-03-16 17:51:17, SELF, v:1, k:fup@media, self:1, rate:100, study:10, friend:Nao
2026-03-16 17:51:44, MOVE, v:1, k:fup@sobrou, mode:DOWN
2026-03-16 17:51:46, MOVE, v:1, k:fup@sobrou, mode:PICK
2026-03-16 17:51:58, EXEC, v:1, k:fup@sobrou, mode:FULL, rate:0, size:5
2026-03-16 18:01:15, EXEC, v:1, k:fup@sobrou, mode:FULL, rate:0
2026-03-16 18:02:38, EXEC, v:1, k:fup@sobrou, mode:FULL, rate:0, size:17
2026-03-16 18:03:31, EXEC, v:1, k:fup@sobrou, mode:FULL, rate:0
2026-03-16 18:04:14, EXEC, v:1, k:fup@sobrou, mode:FULL, rate:0, size:17
2026-03-16 18:04:53, EXEC, v:1, k:fup@sobrou, mode:FULL, rate:100, size:17
2026-03-16 18:04:56, EXEC, v:1, k:fup@sobrou, mode:FULL, rate:100
2026-03-16 18:04:57, MOVE, v:1, k:fup@sobrou, mode:BACK
2026-03-16 18:05:31, SELF, v:1, k:fup@sobrou, self:1, rate:100, study:13, friend:Nao
2026-03-16 18:06:42, MOVE, v:1, k:fup@segundos, mode:DOWN
2026-03-16 18:06:44, MOVE, v:1, k:fup@segundos, mode:PICK
2026-03-16 18:06:45, EXEC, v:1, k:fup@segundos, mode:FULL, rate:0, size:5
2026-03-16 18:15:56, EXEC, v:1, k:fup@segundos, mode:FULL, rate:0, size:12
2026-03-16 18:17:03, EXEC, v:1, k:fup@segundos, mode:FULL, rate:0, size:12
2026-03-16 18:17:17, EXEC, v:1, k:fup@segundos, mode:FULL, rate:0, size:12
2026-03-16 18:18:27, EXEC, v:1, k:fup@segundos, mode:FULL, rate:0, size:12
2026-03-16 18:18:42, EXEC, v:1, k:fup@segundos, mode:FULL, rate:0, size:12
2026-03-16 18:19:38, EXEC, v:1, k:fup@segundos, mode:FULL, rate:100, size:12
2026-03-16 18:20:21, MOVE, v:1, k:fup@segundos, mode:BACK
2026-03-16 18:20:52, SELF, v:1, k:fup@segundos, self:1, rate:100, study:13, friend:Nao
2026-03-16 18:21:26, MOVE, v:1, k:fup@celsius, mode:DOWN
2026-03-16 18:21:28, MOVE, v:1, k:fup@celsius, mode:PICK
2026-03-16 18:21:29, EXEC, v:1, k:fup@celsius, mode:FULL, rate:0, size:5
2026-03-16 18:25:48, EXEC, v:1, k:fup@celsius, mode:FULL, rate:100, size:10
2026-03-16 18:26:00, MOVE, v:1, k:fup@celsius, mode:BACK
2026-03-16 18:26:32, SELF, v:1, k:fup@celsius, self:1, rate:100, study:4, friend:Nao
2026-03-16 18:26:32, MOVE, v:1, k:fup@celsius, mode:PICK
2026-03-16 18:26:35, MOVE, v:1, k:fup@celsius, mode:BACK
